Component: ARM Compiler 5.06 update 6 (build 750) Tool: armlink [4d35ed]

==============================================================================

Section Cross References

    usb_dcd.o(i.DCD_DevConnect) refers to usb_bsp.o(i.USB_OTG_BSP_mDelay) for USB_OTG_BSP_mDelay
    usb_dcd.o(i.DCD_DevDisconnect) refers to usb_bsp.o(i.USB_OTG_BSP_mDelay) for USB_OTG_BSP_mDelay
    usb_dcd.o(i.DCD_EP_Close) refers to usb_core.o(i.USB_OTG_EPDeactivate) for USB_OTG_EPDeactivate
    usb_dcd.o(i.DCD_EP_ClrStall) refers to usb_core.o(i.USB_OTG_EPClearStall) for USB_OTG_EPClearStall
    usb_dcd.o(i.DCD_EP_Flush) refers to usb_core.o(i.USB_OTG_FlushTxFifo) for USB_OTG_FlushTxFifo
    usb_dcd.o(i.DCD_EP_Flush) refers to usb_core.o(i.USB_OTG_FlushRxFifo) for USB_OTG_FlushRxFifo
    usb_dcd.o(i.DCD_EP_Open) refers to usb_core.o(i.USB_OTG_EPActivate) for USB_OTG_EPActivate
    usb_dcd.o(i.DCD_EP_PrepareRx) refers to usb_core.o(i.USB_OTG_EPStartXfer) for USB_OTG_EPStartXfer
    usb_dcd.o(i.DCD_EP_PrepareRx) refers to usb_core.o(i.USB_OTG_EP0StartXfer) for USB_OTG_EP0StartXfer
    usb_dcd.o(i.DCD_EP_Stall) refers to usb_core.o(i.USB_OTG_EPSetStall) for USB_OTG_EPSetStall
    usb_dcd.o(i.DCD_EP_Tx) refers to usb_core.o(i.USB_OTG_EPStartXfer) for USB_OTG_EPStartXfer
    usb_dcd.o(i.DCD_EP_Tx) refers to usb_core.o(i.USB_OTG_EP0StartXfer) for USB_OTG_EP0StartXfer
    usb_dcd.o(i.DCD_GetEPStatus) refers to usb_core.o(i.USB_OTG_GetEPStatus) for USB_OTG_GetEPStatus
    usb_dcd.o(i.DCD_Init) refers to usb_core.o(i.USB_OTG_SelectCore) for USB_OTG_SelectCore
    usb_dcd.o(i.DCD_Init) refers to usb_core.o(i.USB_OTG_DisableGlobalInt) for USB_OTG_DisableGlobalInt
    usb_dcd.o(i.DCD_Init) refers to usb_core.o(i.USB_OTG_CoreInit) for USB_OTG_CoreInit
    usb_dcd.o(i.DCD_Init) refers to usb_core.o(i.USB_OTG_SetCurrentMode) for USB_OTG_SetCurrentMode
    usb_dcd.o(i.DCD_Init) refers to usb_core.o(i.USB_OTG_CoreInitDev) for USB_OTG_CoreInitDev
    usb_dcd.o(i.DCD_Init) refers to usb_core.o(i.USB_OTG_EnableGlobalInt) for USB_OTG_EnableGlobalInt
    usb_dcd.o(i.DCD_SetEPStatus) refers to usb_core.o(i.USB_OTG_SetEPStatus) for USB_OTG_SetEPStatus
    waijung_hwdrvlib.o(i.SysTimer_IsTimeout) refers to main.o(.data) for systick_count
    waijung_hwdrvlib.o(i.SysTimer_Start) refers to main.o(.data) for systick_count
    waijung_hwdrvlib.o(i.SysTimer_delay_ms) refers to waijung_hwdrvlib.o(i.SysTimer_Start) for SysTimer_Start
    waijung_hwdrvlib.o(i.SysTimer_delay_ms) refers to waijung_hwdrvlib.o(i.SysTimer_IsTimeout) for SysTimer_IsTimeout
    waijung_hwdrvlib.o(i.SysTimer_delay_us) refers to waijung_hwdrvlib.o(i.SysTimer_uS_Start) for SysTimer_uS_Start
    waijung_hwdrvlib.o(i.SysTimer_delay_us) refers to waijung_hwdrvlib.o(i.SysTimer_uS_IsTimeout) for SysTimer_uS_IsTimeout
    waijung_hwdrvlib.o(i.SysTimer_uS_IsTimeout) refers to main.o(.data) for systick_count
    waijung_hwdrvlib.o(i.SysTimer_uS_Start) refers to main.o(.data) for systick_count
    waijung_hwdrvlib.o(i.disable_I2CMasterSetup1) refers to stm32f4xx_i2c.o(i.I2C_Cmd) for I2C_Cmd
    waijung_hwdrvlib.o(i.disable_I2CMasterSetup1) refers to stm32f4xx_i2c.o(i.I2C_DeInit) for I2C_DeInit
    waijung_hwdrvlib.o(i.disable_I2CMasterSetup1) refers to stm32f4xx_rcc.o(i.RCC_APB1PeriphClockCmd) for RCC_APB1PeriphClockCmd
    waijung_hwdrvlib.o(i.disable_I2CMasterSetup1) refers to stm32f4xx_gpio.o(i.GPIO_SetBits) for GPIO_SetBits
    waijung_hwdrvlib.o(i.disable_I2CMasterSetup1) refers to stm32f4xx_gpio.o(i.GPIO_Init) for GPIO_Init
    waijung_hwdrvlib.o(i.disable_PWMOutputUC3MBasicPWM) refers to stm32f4xx_tim.o(i.TIM_Cmd) for TIM_Cmd
    waijung_hwdrvlib.o(i.enable_ControlLogicReadSensorSensorReadoutI2CMasterReadWrite) refers to waijung_hwdrvlib.o(.bss) for .bss
    waijung_hwdrvlib.o(i.enable_ControlLogicReadSensorSensorReadoutI2CMasterReadWrite) refers to waijung_hwdrvlib.o(.data) for .data
    waijung_hwdrvlib.o(i.enable_ControlLogicReadSensorSensorReadoutSelectSensorDigitalOutput3) refers to stm32f4xx_rcc.o(i.RCC_AHB1PeriphClockCmd) for RCC_AHB1PeriphClockCmd
    waijung_hwdrvlib.o(i.enable_ControlLogicReadSensorSensorReadoutSelectSensorDigitalOutput3) refers to stm32f4xx_gpio.o(i.GPIO_Init) for GPIO_Init
    waijung_hwdrvlib.o(i.enable_I2CMasterSetup1) refers to stm32f4xx_rcc.o(i.RCC_APB1PeriphClockCmd) for RCC_APB1PeriphClockCmd
    waijung_hwdrvlib.o(i.enable_I2CMasterSetup1) refers to stm32f4xx_rcc.o(i.RCC_AHB1PeriphClockCmd) for RCC_AHB1PeriphClockCmd
    waijung_hwdrvlib.o(i.enable_I2CMasterSetup1) refers to stm32f4xx_rcc.o(i.RCC_APB2PeriphClockCmd) for RCC_APB2PeriphClockCmd
    waijung_hwdrvlib.o(i.enable_I2CMasterSetup1) refers to stm32f4xx_rcc.o(i.RCC_APB1PeriphResetCmd) for RCC_APB1PeriphResetCmd
    waijung_hwdrvlib.o(i.enable_I2CMasterSetup1) refers to stm32f4xx_gpio.o(i.GPIO_PinAFConfig) for GPIO_PinAFConfig
    waijung_hwdrvlib.o(i.enable_I2CMasterSetup1) refers to stm32f4xx_gpio.o(i.GPIO_Init) for GPIO_Init
[...]
    i.DCD_EP_Open                            0x080003e8   Section        0  usb_dcd.o(i.DCD_EP_Open)
    i.DCD_EP_PrepareRx                       0x08000424   Section        0  usb_dcd.o(i.DCD_EP_PrepareRx)
    i.DCD_EP_SetAddress                      0x08000468   Section        0  usb_dcd.o(i.DCD_EP_SetAddress)
    i.DCD_EP_Stall                           0x08000478   Section        0  usb_dcd.o(i.DCD_EP_Stall)
    i.DCD_EP_Tx                              0x080004b0   Section        0  usb_dcd.o(i.DCD_EP_Tx)
    i.DCD_HandleInEP_ISR                     0x080004f0   Section        0  usb_dcd_int.o(i.DCD_HandleInEP_ISR)
    DCD_HandleInEP_ISR                       0x080004f1   Thumb Code   226  usb_dcd_int.o(i.DCD_HandleInEP_ISR)
    i.DCD_HandleOutEP_ISR                    0x080005d8   Section        0  usb_dcd_int.o(i.DCD_HandleOutEP_ISR)
    DCD_HandleOutEP_ISR                      0x080005d9   Thumb Code   180  usb_dcd_int.o(i.DCD_HandleOutEP_ISR)
    i.DCD_HandleRxStatusQueueLevel_ISR       0x08000690   Section        0  usb_dcd_int.o(i.DCD_HandleRxStatusQueueLevel_ISR)
    DCD_HandleRxStatusQueueLevel_ISR         0x08000691   Thumb Code   124  usb_dcd_int.o(i.DCD_HandleRxStatusQueueLevel_ISR)
    i.DCD_HandleUsbReset_ISR                 0x0800070c   Section        0  usb_dcd_int.o(i.DCD_HandleUsbReset_ISR)
    DCD_HandleUsbReset_ISR                   0x0800070d   Thumb Code   128  usb_dcd_int.o(i.DCD_HandleUsbReset_ISR)
    i.DCD_Init                               0x08000790   Section        0  usb_dcd.o(i.DCD_Init)
    i.DCD_WriteEmptyTxFifo                   0x08000824   Section        0  usb_dcd_int.o(i.DCD_WriteEmptyTxFifo)
    DCD_WriteEmptyTxFifo                     0x08000825   Thumb Code   126  usb_dcd_int.o(i.DCD_WriteEmptyTxFifo)
    i.DebugMon_Handler                       0x080008a2   Section        0  stm32f4xx_it.o(i.DebugMon_Handler)
    i.EXTI_ClearITPendingBit                 0x080008a4   Section        0  stm32f4xx_exti.o(i.EXTI_ClearITPendingBit)
    i.GPIO_Init                              0x080008b0   Section        0  stm32f4xx_gpio.o(i.GPIO_Init)
    i.GPIO_PinAFConfig                       0x08000952   Section        0  stm32f4xx_gpio.o(i.GPIO_PinAFConfig)
    i.GPIO_ReadInputDataBit                  0x08000972   Section        0  stm32f4xx_gpio.o(i.GPIO_ReadInputDataBit)
    i.GPIO_ResetBits                         0x08000980   Section        0  stm32f4xx_gpio.o(i.GPIO_ResetBits)
    i.GPIO_SetBits                           0x08000984   Section        0  stm32f4xx_gpio.o(i.GPIO_SetBits)
    i.Handle_USBAsynchXfer                   0x08000988   Section        0  usbd_cdc_core.o(i.Handle_USBAsynchXfer)
    Handle_USBAsynchXfer                     0x08000989   Thumb Code   100  usbd_cdc_core.o(i.Handle_USBAsynchXfer)
    i.HardFault_Handler                      0x080009f4   Section        0  stm32f4xx_it.o(i.HardFault_Handler)
    i.I2C_AcknowledgeConfig                  0x08000a08   Section        0  stm32f4xx_i2c.o(i.I2C_AcknowledgeConfig)
    i.I2C_CheckEvent                         0x08000a1c   Section        0  stm32f4xx_i2c.o(i.I2C_CheckEvent)
    i.I2C_ClearFlag                          0x08000a34   Section        0  stm32f4xx_i2c.o(i.I2C_ClearFlag)
    i.I2C_Cmd                                0x08000a3a   Section        0  stm32f4xx_i2c.o(i.I2C_Cmd)
    i.I2C_DeInit                             0x08000a50   Section        0  stm32f4xx_i2c.o(i.I2C_DeInit)
    i.I2C_GenerateSTART                      0x08000a94   Section        0  stm32f4xx_i2c.o(i.I2C_GenerateSTART)
    i.I2C_GenerateSTOP                       0x08000aa8   Section        0  stm32f4xx_i2c.o(i.I2C_GenerateSTOP)
    i.I2C_GetFlagStatus                      0x08000abc   Section        0  stm32f4xx_i2c.o(i.I2C_GetFlagStatus)
    i.I2C_Init                               0x08000ae8   Section        0  stm32f4xx_i2c.o(i.I2C_Init)
    i.I2C_ReceiveData                        0x08000ba0   Section        0  stm32f4xx_i2c.o(i.I2C_ReceiveData)
    i.I2C_Send7bitAddress                    0x08000ba6   Section        0  stm32f4xx_i2c.o(i.I2C_Send7bitAddress)
    i.I2C_SendData                           0x08000bb6   Section        0  stm32f4xx_i2c.o(i.I2C_SendData)
    i.MemManage_Handler                      0x08000bba   Section        0  stm32f4xx_it.o(i.MemManage_Handler)
    i.NMI_Handler                            0x08000bbc   Section        0  stm32f4xx_it.o(i.NMI_Handler)
    i.NVIC_Init                              0x08000bc0   Section        0  misc.o(i.NVIC_Init)
    i.NVIC_PriorityGroupConfig               0x08000c24   Section        0  misc.o(i.NVIC_PriorityGroupConfig)
    i.NVIC_SetPriority                       0x08000c38   Section        0  main.o(i.NVIC_SetPriority)
    NVIC_SetPriority                         0x08000c39   Thumb Code    32  main.o(i.NVIC_SetPriority)
    i.OTG_FS_IRQHandler                      0x08000c58   Section        0  stm32f4xx_uc3m_it.o(i.OTG_FS_IRQHandler)
    i.OTG_FS_WKUP_IRQHandler                 0x08000c64   Section        0  stm32f4xx_uc3m_it.o(i.OTG_FS_WKUP_IRQHandler)
    i.PendSV_Handler                         0x08000c94   Section        0  stm32f4xx_it.o(i.PendSV_Handler)
    i.RCC_AHB1PeriphClockCmd                 0x08000c98   Section        0  stm32f4xx_rcc.o(i.RCC_AHB1PeriphClockCmd)
    i.RCC_AHB2PeriphClockCmd                 0x08000cb0   Section        0  stm32f4xx_rcc.o(i.RCC_AHB2PeriphClockCmd)
    i.RCC_APB1PeriphClockCmd                 0x08000cc8   Section        0  stm32f4xx_rcc.o(i.RCC_APB1PeriphClockCmd)
    i.RCC_APB1PeriphResetCmd                 0x08000ce0   Section        0  stm32f4xx_rcc.o(i.RCC_APB1PeriphResetCmd)
    i.RCC_APB2PeriphClockCmd                 0x08000cf8   Section        0  stm32f4xx_rcc.o(i.RCC_APB2PeriphClockCmd)
    i.RCC_GetClocksFreq                      0x08000d10   Section        0  stm32f4xx_rcc.o(i.RCC_GetClocksFreq)
    i.SVC_Handler                            0x08000da0   Section        0  stm32f4xx_it.o(i.SVC_Handler)
    i.SetSysClock                            0x08000da4   Section        0  system_stm32f4xx.o(i.SetSysClock)
    SetSysClock                              0x08000da5   Thumb Code   162  system_stm32f4xx.o(i.SetSysClock)
    i.SysTick_Handler                        0x08000e58   Section        0  stm32f4xx_it.o(i.SysTick_Handler)
    i.SysTimer_delay_us                      0x08000e5c   Section        0  waijung_hwdrvlib.o(i.SysTimer_delay_us)
    i.SysTimer_uS_IsTimeout                  0x08000e74   Section        0  waijung_hwdrvlib.o(i.SysTimer_uS_IsTimeout)
    i.SysTimer_uS_Start                      0x08000ec8   Section        0  waijung_hwdrvlib.o(i.SysTimer_uS_Start)
    i.SystemInit                             0x08000ee4   Section        0  system_stm32f4xx.o(i.SystemInit)
    i.TIM_ARRPreloadConfig                   0x08000f40   Section        0  stm32f4xx_tim.o(i.TIM_ARRPreloadConfig)
    i.TIM_Cmd                                0x08000f54   Section        0  stm32f4xx_tim.o(i.TIM_Cmd)
    i.TIM_OC2Init                            0x08000f68   Section        0  stm32f4xx_tim.o(i.TIM_OC2Init)
    i.TIM_OC2PreloadConfig                   0x08000fe8   Section        0  stm32f4xx_tim.o(i.TIM_OC2PreloadConfig)
    i.TIM_TimeBaseInit                       0x08000ffc   Section        0  stm32f4xx_tim.o(i.TIM_TimeBaseInit)
    i.USBD_ClrCfg                            0x08001078   Section        0  usbd_core.o(i.USBD_ClrCfg)
    i.USBD_CtlContinueRx                     0x08001086   Section        0  usbd_ioreq.o(i.USBD_CtlContinueRx)
    i.USBD_CtlContinueSendData               0x08001098   Section        0  usbd_ioreq.o(i.USBD_CtlContinueSendData)
    i.USBD_CtlError                          0x080010aa   Section        0  usbd_req.o(i.USBD_CtlError)
    i.USBD_CtlPrepareRx                      0x080010ce   Section        0  usbd_ioreq.o(i.USBD_CtlPrepareRx)
    i.USBD_CtlReceiveStatus                  0x080010ee   Section        0  usbd_ioreq.o(i.USBD_CtlReceiveStatus)
    i.USBD_CtlSendData                       0x08001110   Section        0  usbd_ioreq.o(i.USBD_CtlSendData)
    i.USBD_CtlSendStatus                     0x08001130   Section        0  usbd_ioreq.o(i.USBD_CtlSendStatus)
    i.USBD_DataInStage                       0x08001152   Section        0  usbd_core.o(i.USBD_DataInStage)
    USBD_DataInStage                         0x08001153   Thumb Code   150  usbd_core.o(i.USBD_DataInStage)
    i.USBD_DataOutStage                      0x080011e8   Section        0  usbd_core.o(i.USBD_DataOutStage)
    USBD_DataOutStage                        0x080011e9   Thumb Code   120  usbd_core.o(i.USBD_DataOutStage)
    i.USBD_GetDescriptor                     0x08001260   Section        0  usbd_req.o(i.USBD_GetDescriptor)
    USBD_GetDescriptor                       0x08001261   Thumb Code   206  usbd_req.o(i.USBD_GetDescriptor)
    i.USBD_GetString                         0x0800132e   Section        0  usbd_req.o(i.USBD_GetString)
    i.USBD_Init                              0x08001374   Section        0  usbd_core.o(i.USBD_Init)
    i.USBD_IsoINIncomplete                   0x080013a8   Section        0  usbd_core.o(i.USBD_IsoINIncomplete)
    USBD_IsoINIncomplete                     0x080013a9   Thumb Code    14  usbd_core.o(i.USBD_IsoINIncomplete)
    i.USBD_IsoOUTIncomplete                  0x080013b6   Section        0  usbd_core.o(i.USBD_IsoOUTIncomplete)
    USBD_IsoOUTIncomplete                    0x080013b7   Thumb Code    14  usbd_core.o(i.USBD_IsoOUTIncomplete)
    i.USBD_OTG_ISR_Handler                   0x080013c4   Section        0  usb_dcd_int.o(i.USBD_OTG_ISR_Handler)
    i.USBD_ParseSetupRequest                 0x08001544   Section        0  usbd_req.o(i.USBD_ParseSetupRequest)
    i.USBD_Reset                             0x08001588   Section        0  usbd_core.o(i.USBD_Reset)
    USBD_Reset                               0x08001589   Thumb Code    46  usbd_core.o(i.USBD_Reset)
    i.USBD_Resume                            0x080015b6   Section        0  usbd_core.o(i.USBD_Resume)
    USBD_Resume                              0x080015b7   Thumb Code    22  usbd_core.o(i.USBD_Resume)
    i.USBD_SOF                               0x080015cc   Section        0  usbd_core.o(i.USBD_SOF)
    USBD_SOF                                 0x080015cd   Thumb Code    16  usbd_core.o(i.USBD_SOF)
    i.USBD_SetCfg                            0x080015dc   Section        0  usbd_core.o(i.USBD_SetCfg)
    i.USBD_SetConfig                         0x080015f8   Section        0  usbd_req.o(i.USBD_SetConfig)
    USBD_SetConfig                           0x080015f9   Thumb Code   112  usbd_req.o(i.USBD_SetConfig)
    i.USBD_SetFeature                        0x0800166c   Section        0  usbd_req.o(i.USBD_SetFeature)
    USBD_SetFeature                          0x0800166d   Thumb Code   112  usbd_req.o(i.USBD_SetFeature)
    i.USBD_SetupStage                        0x080016dc   Section        0  usbd_core.o(i.USBD_SetupStage)
    USBD_SetupStage                          0x080016dd   Thumb Code    72  usbd_core.o(i.USBD_SetupStage)
    i.USBD_StdDevReq                         0x08001724   Section        0  usbd_req.o(i.USBD_StdDevReq)
    i.USBD_StdEPReq                          0x08001818   Section        0  usbd_req.o(i.USBD_StdEPReq)
    i.USBD_StdItfReq                         0x080018ec   Section        0  usbd_req.o(i.USBD_StdItfReq)
    i.USBD_Suspend                           0x08001922   Section        0  usbd_core.o(i.USBD_Suspend)
    USBD_Suspend                             0x08001923   Thumb Code    20  usbd_core.o(i.USBD_Suspend)
    i.USBD_USR_ConfigStrDescriptor           0x08001938   Section        0  usbd_desc.o(i.USBD_USR_ConfigStrDescriptor)
    i.USBD_USR_DeviceConfigured              0x08001958   Section        0  usbd_usr.o(i.USBD_USR_DeviceConfigured)
    i.USBD_USR_DeviceConnected               0x0800195a   Section        0  usbd_usr.o(i.USBD_USR_DeviceConnected)
    i.USBD_USR_DeviceDescriptor              0x0800195c   Section        0  usbd_desc.o(i.USBD_USR_DeviceDescriptor)
    i.USBD_USR_DeviceDisconnected            0x08001968   Section        0  usbd_usr.o(i.USBD_USR_DeviceDisconnected)
    i.USBD_USR_DeviceReset                   0x0800196a   Section        0  usbd_usr.o(i.USBD_USR_DeviceReset)
    i.USBD_USR_DeviceResumed                 0x0800196c   Section        0  usbd_usr.o(i.USBD_USR_DeviceResumed)
    i.USBD_USR_DeviceSuspended               0x0800196e   Section        0  usbd_usr.o(i.USBD_USR_DeviceSuspended)
    i.USBD_USR_Init                          0x08001970   Section        0  usbd_usr.o(i.USBD_USR_Init)
    i.USBD_USR_InterfaceStrDescriptor        0x080019a4   Section        0  usbd_desc.o(i.USBD_USR_InterfaceStrDescriptor)
    i.USBD_USR_LangIDStrDescriptor           0x080019c8   Section        0  usbd_desc.o(i.USBD_USR_LangIDStrDescriptor)
    i.USBD_USR_ManufacturerStrDescriptor     0x080019d4   Section        0  usbd_desc.o(i.USBD_USR_ManufacturerStrDescriptor)
    i.USBD_USR_ProductStrDescriptor          0x080019fc   Section        0  usbd_desc.o(i.USBD_USR_ProductStrDescriptor)
    i.USBD_USR_SerialStrDescriptor           0x08001a60   Section        0  usbd_desc.o(i.USBD_USR_SerialStrDescriptor)
    i.USBD_cdc_GetCfgDesc                    0x08001a9c   Section        0  usbd_cdc_core.o(i.USBD_cdc_GetCfgDesc)
    USBD_cdc_GetCfgDesc                      0x08001a9d   Thumb Code     8  usbd_cdc_core.o(i.USBD_cdc_GetCfgDesc)
    i.USB_OTG_BSP_EnableInterrupt            0x08001aa8   Section        0  usb_bsp.o(i.USB_OTG_BSP_EnableInterrupt)
    i.USB_OTG_BSP_Init                       0x08001ad0   Section        0  usb_bsp.o(i.USB_OTG_BSP_Init)
    i.USB_OTG_BSP_mDelay                     0x08001b6c   Section        0  usb_bsp.o(i.USB_OTG_BSP_mDelay)
    i.USB_OTG_BSP_uDelay                     0x08001b76   Section        0  usb_bsp.o(i.USB_OTG_BSP_uDelay)
    i.USB_OTG_CoreInit                       0x08001b8c   Section        0  usb_core.o(i.USB_OTG_CoreInit)
    i.USB_OTG_CoreInitDev                    0x08001c68   Section        0  usb_core.o(i.USB_OTG_CoreInitDev)
    i.USB_OTG_CoreReset                      0x08001da0   Section        0  usb_core.o(i.USB_OTG_CoreReset)
    USB_OTG_CoreReset                        0x08001da1   Thumb Code    84  usb_core.o(i.USB_OTG_CoreReset)
    i.USB_OTG_DisableGlobalInt               0x08001df8   Section        0  usb_core.o(i.USB_OTG_DisableGlobalInt)
    i.USB_OTG_EP0Activate                    0x08001e08   Section        0  usb_core.o(i.USB_OTG_EP0Activate)
    i.USB_OTG_EP0StartXfer                   0x08001e44   Section        0  usb_core.o(i.USB_OTG_EP0StartXfer)
    i.USB_OTG_EP0_OutStart                   0x08001efc   Section        0  usb_core.o(i.USB_OTG_EP0_OutStart)
    i.USB_OTG_EPActivate                     0x08001f20   Section        0  usb_core.o(i.USB_OTG_EPActivate)
    i.USB_OTG_EPClearStall                   0x08001f72   Section        0  usb_core.o(i.USB_OTG_EPClearStall)
    i.USB_OTG_EPDeactivate                   0x08001fa4   Section        0  usb_core.o(i.USB_OTG_EPDeactivate)
    i.USB_OTG_EPSetStall                     0x08001fd8   Section        0  usb_core.o(i.USB_OTG_EPSetStall)
    i.USB_OTG_EPStartXfer                    0x08002008   Section        0  usb_core.o(i.USB_OTG_EPStartXfer)
    i.USB_OTG_EnableDevInt                   0x08002128   Section        0  usb_core.o(i.USB_OTG_EnableDevInt)
    i.USB_OTG_EnableGlobalInt                0x0800216c   Section        0  usb_core.o(i.USB_OTG_EnableGlobalInt)
    i.USB_OTG_FlushRxFifo                    0x0800217c   Section        0  usb_core.o(i.USB_OTG_FlushRxFifo)
    i.USB_OTG_FlushTxFifo                    0x080021b4   Section        0  usb_core.o(i.USB_OTG_FlushTxFifo)
    i.USB_OTG_GetDeviceSpeed                 0x080021f4   Section        0  usb_core.o(i.USB_OTG_GetDeviceSpeed)
    i.USB_OTG_InitDevSpeed                   0x0800221a   Section        0  usb_core.o(i.USB_OTG_InitDevSpeed)
    i.USB_OTG_IsDeviceMode                   0x08002226   Section        0  usb_core.o(i.USB_OTG_IsDeviceMode)
    i.USB_OTG_ReadCoreItr                    0x08002238   Section        0  usb_core.o(i.USB_OTG_ReadCoreItr)
    i.USB_OTG_ReadDevAllInEPItr              0x08002242   Section        0  usb_core.o(i.USB_OTG_ReadDevAllInEPItr)
    i.USB_OTG_ReadDevAllOutEp_itr            0x0800224e   Section        0  usb_core.o(i.USB_OTG_ReadDevAllOutEp_itr)
    i.USB_OTG_ReadDevOutEP_itr               0x0800225a   Section        0  usb_core.o(i.USB_OTG_ReadDevOutEP_itr)
    i.USB_OTG_ReadPacket                     0x0800226a   Section        0  usb_core.o(i.USB_OTG_ReadPacket)
    i.USB_OTG_SelectCore                     0x0800228c   Section        0  usb_core.o(i.USB_OTG_SelectCore)
    i.USB_OTG_SetCurrentMode                 0x0800234c   Section        0  usb_core.o(i.USB_OTG_SetCurrentMode)
    i.USB_OTG_UngateClock                    0x08002376   Section        0  usb_core.o(i.USB_OTG_UngateClock)
    i.USB_OTG_WritePacket                    0x08002394   Section        0  usb_core.o(i.USB_OTG_WritePacket)
    i.UsageFault_Handler                     0x080023bc   Section        0  stm32f4xx_it.o(i.UsageFault_Handler)
    i.VCP_Ctrl                               0x080023c0   Section        0  usbd_cdc_vcp.o(i.VCP_Ctrl)
    VCP_Ctrl                                 0x080023c1   Thumb Code    52  usbd_cdc_vcp.o(i.VCP_Ctrl)
    i.VCP_DataRx                             0x080023f8   Section        0  usbd_cdc_vcp.o(i.VCP_DataRx)
    VCP_DataRx                               0x080023f9   Thumb Code    28  usbd_cdc_vcp.o(i.VCP_DataRx)
    i.VCP_DataTx                             0x08002418   Section        0  usbd_cdc_vcp.o(i.VCP_DataTx)
    VCP_DataTx                               0x08002419   Thumb Code    42  usbd_cdc_vcp.o(i.VCP_DataTx)
    i.VCP_DeInit                             0x0800244c   Section        0  usbd_cdc_vcp.o(i.VCP_DeInit)
    VCP_DeInit                               0x0800244d   Thumb Code     4  usbd_cdc_vcp.o(i.VCP_DeInit)
    i.VCP_Init                               0x08002450   Section        0  usbd_cdc_vcp.o(i.VCP_Init)
    VCP_Init                                 0x08002451   Thumb Code     4  usbd_cdc_vcp.o(i.VCP_Init)
    i.VCP_send                               0x08002454   Section        0  usbd_cdc_vcp.o(i.VCP_send)
    i.carmen_controller_initialize           0x08002458   Section        0  carmen_controller.o(i.carmen_controller_initialize)
    i.carmen_controller_step                 0x08002548   Section        0  carmen_controller.o(i.carmen_controller_step)
    i.disable_I2CMasterSetup1                0x08002820   Section        0  waijung_hwdrvlib.o(i.disable_I2CMasterSetup1)
    i.enable_ControlLogicReadSensorSensorReadoutI2CMasterReadWrite 0x08002880   Section        0  waijung_hwdrvlib.o(i.enable_ControlLogicReadSensorSensorReadoutI2CMasterReadWrite)
    i.enable_ControlLogicReadSensorSensorReadoutSelectSensorDigitalOutput3 0x080028a0   Section        0  waijung_hwdrvlib.o(i.enable_ControlLogicReadSensorSensorReadoutSelectSensorDigitalOutput3)
    i.enable_I2CMasterSetup1                 0x080028d0   Section        0  waijung_hwdrvlib.o(i.enable_I2CMasterSetup1)
    i.enable_PWMOutputUC3MBasicPWM           0x08002988   Section        0  waijung_hwdrvlib.o(i.enable_PWMOutputUC3MBasicPWM)
    i.i2c1_trans_proc                        0x08002a20   Section        0  waijung_hwdrvlib.o(i.i2c1_trans_proc)
    i.i2c_trans_proc                         0x08002a8c   Section        0  waijung_hwdrvlib.o(i.i2c_trans_proc)
    i.main                                   0x08002e70   Section        0  main.o(i.main)
    i.rt_OneStep                             0x08002e9c   Section        0  main.o(i.rt_OneStep)
    i.usbd_cdc_DataIn                        0x08002eb0   Section        0  usbd_cdc_core.o(i.usbd_cdc_DataIn)
    usbd_cdc_DataIn                          0x08002eb1   Thumb Code    70  usbd_cdc_core.o(i.usbd_cdc_DataIn)
    i.usbd_cdc_DataOut                       0x08002f00   Section        0  usbd_cdc_core.o(i.usbd_cdc_DataOut)
    usbd_cdc_DataOut                         0x08002f01   Thumb Code    48  usbd_cdc_core.o(i.usbd_cdc_DataOut)
    i.usbd_cdc_DeInit                        0x08002f38   Section        0  usbd_cdc_core.o(i.usbd_cdc_DeInit)
    usbd_cdc_DeInit                          0x08002f39   Thumb Code    36  usbd_cdc_core.o(i.usbd_cdc_DeInit)
    i.usbd_cdc_EP0_RxReady                   0x08002f60   Section        0  usbd_cdc_core.o(i.usbd_cdc_EP0_RxReady)
    usbd_cdc_EP0_RxReady                     0x08002f61   Thumb Code    30  usbd_cdc_core.o(i.usbd_cdc_EP0_RxReady)
    i.usbd_cdc_Init                          0x08002f88   Section        0  usbd_cdc_core.o(i.usbd_cdc_Init)
    usbd_cdc_Init                            0x08002f89   Thumb Code    90  usbd_cdc_core.o(i.usbd_cdc_Init)
    i.usbd_cdc_SOF                           0x08002ff0   Section        0  usbd_cdc_core.o(i.usbd_cdc_SOF)
    usbd_cdc_SOF                             0x08002ff1   Thumb Code    26  usbd_cdc_core.o(i.usbd_cdc_SOF)
    i.usbd_cdc_Setup                         0x08003010   Section        0  usbd_cdc_core.o(i.usbd_cdc_Setup)
    usbd_cdc_Setup                           0x08003011   Thumb Code   168  usbd_cdc_core.o(i.usbd_cdc_Setup)
    x$fpl$fpinit                             0x080030c0   Section       10  fpinit.o(x$fpl$fpinit)
    $v0                                      0x080030c0   Number         0  fpinit.o(x$fpl$fpinit)
    .constdata                               0x080030cc   Section      256  carmen_controller_data.o(.constdata)
    .constdata                               0x080031cc   Section        4  carmen_controller.o(.constdata)
    .ccm                                     0x10000000   Section       13  waijung_hwdrvlib.o(.ccm)
    .ccm                                     0x1000000d   Section       20  waijung_hwdrvlib.o(.ccm)
    .ccm                                     0x10000021   Section     4096  usbd_cdc_core.o(.ccm)
    HEAP                                     0x10001028   Section     5632  startup_stm32f4xx.o(HEAP)
    Heap_Mem                                 0x10001028   Data        5632  startup_stm32f4xx.o(HEAP)
    STACK                                    0x10002628   Section     5632  startup_stm32f4xx.o(STACK)
    Stack_Mem                                0x10002628   Data        5632  startup_stm32f4xx.o(STACK)
    __initial_sp                             0x10003c28   Data           0  startup_stm32f4xx.o(STACK)
    .data                                    0x20000000   Section        2  waijung_hwdrvlib.o(.data)
    .data                                    0x20000004   Section        4  waijung_hwdrvlib.o(.data)
    .data                                    0x20000008   Section        4  waijung_hwdrvlib.o(.data)
    .data                                    0x2000000c   Section        1  waijung_hwdrvlib.o(.data)
    .data                                    0x20000010   Section        4  waijung_hwdrvlib.o(.data)
    .data                                    0x20000014   Section        4  waijung_hwdrvlib.o(.data)
    .data                                    0x20000018   Section       16  stm32f4xx_rcc.o(.data)
    APBAHBPrescTable                         0x20000018   Data          16  stm32f4xx_rcc.o(.data)
    .data                                    0x20000028   Section       44  usbd_core.o(.data)
    .data                                    0x20000054   Section        4  usbd_core.o(.data)
    .data                                    0x20000058   Section        8  usbd_cdc_vcp.o(.data)
    .data                                    0x20000060   Section       20  usbd_cdc_vcp.o(.data)
    .data                                    0x20000074   Section       20  system_stm32f4xx.o(.data)
    .data                                    0x20000088   Section       28  usbd_desc.o(.data)
    .data                                    0x200000a4   Section       22  usbd_desc.o(.data)
    .data                                    0x200000bc   Section      107  usbd_cdc_core.o(.data)
    usbd_cdc_AltSet                          0x200000c0   Data           4  usbd_cdc_core.o(.data)
    cdcCmd                                   0x200000d0   Data           4  usbd_cdc_core.o(.data)
    cdcLen                                   0x200000d4   Data           4  usbd_cdc_core.o(.data)
    FrameCount                               0x200000d8   Data           4  usbd_cdc_core.o(.data)
    .data                                    0x20000128   Section       44  usbd_cdc_core.o(.data)
    .data                                    0x20000154   Section        8  main.o(.data)
    systick_active                           0x20000158   Data           4  main.o(.data)
    .data                                    0x2000015c   Section        8  carmen_controller.o(.data)
    .data                                    0x20000164   Section       16  usbd_req.o(.data)
    cfgidx                                   0x20000164   Data           1  usbd_req.o(.data)
    .data                                    0x20000174   Section       28  usbd_usr.o(.data)
    .bss                                     0x20000190   Section       36  waijung_hwdrvlib.o(.bss)
    .bss                                     0x200001b4   Section     1520  waijung_hwdrvlib.o(.bss)
    .bss                                     0x200007a4   Section       72  carmen_controller.o(.bss)
    .bss                                     0x200007ec   Section       50  usbd_req.o(.bss)
    .bss                                     0x20000820   Section       96  libspace.o(.bss)

    Global Symbols

    Symbol Name                              Value     Ov Type        Size  Object(Section)

    BuildAttributes$$THM_ISAv4$E$P$D$K$B$S$7EM$VFPi3$EXTD16$VFPS$VFMA$PE$A:L22UL41UL21$X:L11$S22US41US21$IEEE1$IW$USESV6$~STKCKD$USESV7$~SHL$OSPACE$ROPI$EBA8$UX$STANDARDLIB$REQ8$PRES8$EABIv2 0x00000000   Number         0  anon$$obj.o ABSOLUTE
    __ARM_use_no_argv                        0x00000000   Number         0  main.o ABSOLUTE
    __ARM_exceptions_init                     - Undefined Weak Reference
    __alloca_initialize                       - Undefined Weak Reference
    __arm_preinit_                            - Undefined Weak Reference
    __cpp_initialize__aeabi_                  - Undefined Weak Reference
    __cxa_finalize                            - Undefined Weak Reference
    __rt_locale                               - Undefined Weak Reference
    __sigvec_lookup                           - Undefined Weak Reference
    _atexit_init                              - Undefined Weak Reference
    _call_atexit_fns                          - Undefined Weak Reference
    _clock_init                               - Undefined Weak Reference
    _fp_trap_init                             - Undefined Weak Reference
    _fp_trap_shutdown                         - Undefined Weak Reference
    _get_lc_collate                           - Undefined Weak Reference
    _get_lc_ctype                             - Undefined Weak Reference
    _get_lc_monetary                          - Undefined Weak Reference
    _get_lc_numeric                           - Undefined Weak Reference
    _get_lc_time                              - Undefined Weak Reference
    _getenv_init                              - Undefined Weak Reference
    _handle_redirection                       - Undefined Weak Reference
    _init_alloc                               - Undefined Weak Reference
    _init_user_alloc                          - Undefined Weak Reference
    _initio                                   - Undefined Weak Reference
    _rand_init                                - Undefined Weak Reference
    _signal_finish                            - Undefined Weak Reference
    _signal_init                              - Undefined Weak Reference
    _terminate_alloc                          - Undefined Weak Reference
    _terminate_user_alloc                     - Undefined Weak Reference
    _terminateio                              - Undefined Weak Reference
    __Vectors_Size                           0x00000188   Number         0  startup_stm32f4xx.o ABSOLUTE
    __Vectors                                0x08000000   Data           4  startup_stm32f4xx.o(RESET)
    __Vectors_End                            0x08000188   Data           0  startup_stm32f4xx.o(RESET)
    __main                                   0x08000189   Thumb Code     8  __main.o(!!!main)
    __scatterload                            0x08000191   Thumb Code     0  __scatter.o(!!!scatter)
    __scatterload_rt2                        0x08000191   Thumb Code    44  __scatter.o(!!!scatter)
    __scatterload_rt2_thumb_only             0x08000191   Thumb Code     0  __scatter.o(!!!scatter)
    __scatterload_null                       0x0800019f   Thumb Code     0  __scatter.o(!!!scatter)
    __decompress                             0x080001c5   Thumb Code    90  __dczerorl2.o(!!dczerorl2)
    __decompress1                            0x080001c5   Thumb Code     0  __dczerorl2.o(!!dczerorl2)
    __scatterload_zeroinit                   0x08000221   Thumb Code    28  __scatter_zi.o(!!handler_zi)
    __rt_lib_init                            0x0800023d   Thumb Code     0  libinit.o(.ARM.Collect$$libinit$$00000000)
    __rt_lib_init_fp_1                       0x0800023f   Thumb Code     0  libinit2.o(.ARM.Collect$$libinit$$00000001)
    __rt_lib_init_alloca_1                   0x08000243   Thumb Code     0  libinit2.o(.ARM.Collect$$libinit$$0000002E)
    __rt_lib_init_argv_1                     0x08000243   Thumb Code     0  libinit2.o(.ARM.Collect$$libinit$$0000002C)
    __rt_lib_init_atexit_1                   0x08000243   Thumb Code     0  libinit2.o(.ARM.Collect$$libinit$$0000001B)
    __rt_lib_init_clock_1                    0x08000243   Thumb Code     0  libinit2.o(.ARM.Collect$$libinit$$00000021)
    __rt_lib_init_cpp_1                      0x08000243   Thumb Code     0  libinit2.o(.ARM.Collect$$libinit$$00000032)
    __rt_lib_init_exceptions_1               0x08000243   Thumb Code     0  libinit2.o(.ARM.Collect$$libinit$$00000030)
    __rt_lib_init_fp_trap_1                  0x08000243   Thumb Code     0  libinit2.o(.ARM.Collect$$libinit$$0000001F)
    __rt_lib_init_getenv_1                   0x08000243   Thumb Code     0  libinit2.o(.ARM.Collect$$libinit$$00000023)
    __rt_lib_init_heap_1                     0x08000243   Thumb Code     0  libinit2.o(.ARM.Collect$$libinit$$0000000A)
    __rt_lib_init_lc_collate_1               0x08000243   Thumb Code     0  libinit2.o(.ARM.Collect$$libinit$$00000011)
    __rt_lib_init_lc_ctype_1                 0x08000243   Thumb Code     0  libinit2.o(.ARM.Collect$$libinit$$00000013)
    __rt_lib_init_lc_monetary_1              0x08000243   Thumb Code     0  libinit2.o(.ARM.Collect$$libinit$$00000015)
    __rt_lib_init_lc_numeric_1               0x08000243   Thumb Code     0  libinit2.o(.ARM.Collect$$libinit$$00000017)
    __rt_lib_init_lc_time_1                  0x08000243   Thumb Code     0  libinit2.o(.ARM.Collect$$libinit$$00000019)
    __rt_lib_init_preinit_1                  0x08000243   Thumb Code     0  libinit2.o(.ARM.Collect$$libinit$$00000004)
    __rt_lib_init_rand_1                     0x08000243   Thumb Code     0  libinit2.o(.ARM.Collect$$libinit$$0000000E)
    __rt_lib_init_return                     0x08000243   Thumb Code     0  libinit2.o(.ARM.Collect$$libinit$$00000033)
    __rt_lib_init_signal_1                   0x08000243   Thumb Code     0  libinit2.o(.ARM.Collect$$libinit$$0000001D)
    __rt_lib_init_stdio_1                    0x08000243   Thumb Code     0  libinit2.o(.ARM.Collect$$libinit$$00000025)
    __rt_lib_init_user_alloc_1               0x08000243   Thumb Code     0  libinit2.o(.ARM.Collect$$libinit$$0000000C)
    __rt_lib_shutdown                        0x08000245   Thumb Code     0  libshutdown.o(.ARM.Collect$$libshutdown$$00000000)
    __rt_lib_shutdown_cpp_1                  0x08000247   Thumb Code     0  libshutdown2.o(.ARM.Collect$$libshutdown$$00000002)
    __rt_lib_shutdown_fp_trap_1              0x08000247   Thumb Code     0  libshutdown2.o(.ARM.Collect$$libshutdown$$00000007)
    __rt_lib_shutdown_heap_1                 0x08000247   Thumb Code     0  libshutdown2.o(.ARM.Collect$$libshutdown$$0000000F)
    __rt_lib_shutdown_return                 0x08000247   Thumb Code     0  libshutdown2.o(.ARM.Collect$$libshutdown$$00000010)
    __rt_lib_shutdown_signal_1               0x08000247   Thumb Code     0  libshutdown2.o(.ARM.Collect$$libshutdown$$0000000A)
    __rt_lib_shutdown_stdio_1                0x08000247   Thumb Code     0  libshutdown2.o(.ARM.Collect$$libshutdown$$00000004)
    __rt_lib_shutdown_user_alloc_1           0x08000247   Thumb Code     0  libshutdown2.o(.ARM.Collect$$libshutdown$$0000000C)
    __rt_entry                               0x08000249   Thumb Code     0  __rtentry.o(.ARM.Collect$$rtentry$$00000000)
    __rt_entry_presh_1                       0x08000249   Thumb Code     0  __rtentry2.o(.ARM.Collect$$rtentry$$00000002)
    __rt_entry_sh                            0x08000249   Thumb Code     0  __rtentry4.o(.ARM.Collect$$rtentry$$00000004)
    __rt_entry_li                            0x0800024f   Thumb Code     0  __rtentry2.o(.ARM.Collect$$rtentry$$0000000A)
    __rt_entry_postsh_1                      0x0800024f   Thumb Code     0  __rtentry2.o(.ARM.Collect$$rtentry$$00000009)
    __rt_entry_main                          0x08000253   Thumb Code     0  __rtentry2.o(.ARM.Collect$$rtentry$$0000000D)
    __rt_entry_postli_1                      0x08000253   Thumb Code     0  __rtentry2.o(.ARM.Collect$$rtentry$$0000000C)
    __rt_exit                                0x0800025b   Thumb Code     0  rtexit.o(.ARM.Collect$$rtexit$$00000000)
    __rt_exit_ls                             0x0800025d   Thumb Code     0  rtexit2.o(.ARM.Collect$$rtexit$$00000003)
    __rt_exit_prels_1                        0x0800025d   Thumb Code     0  rtexit2.o(.ARM.Collect$$rtexit$$00000002)
    __rt_exit_exit                           0x08000261   Thumb Code     0  rtexit2.o(.ARM.Collect$$rtexit$$00000004)
    Reset_Handler                            0x08000269   Thumb Code     8  startup_stm32f4xx.o(.text)
    ADC_IRQHandler                           0x08000283   Thumb Code     0  startup_stm32f4xx.o(.text)
    CAN1_RX0_IRQHandler                      0x08000283   Thumb Code     0  startup_stm32f4xx.o(.text)
    CAN1_RX1_IRQHandler                      0x08000283   Thumb Code     0  startup_stm32f4xx.o(.text)
    CAN1_SCE_IRQHandler                      0x08000283   Thumb Code     0  startup_stm32f4xx.o(.text)
    CAN1_TX_IRQHandler                       0x08000283   Thumb Code     0  startup_stm32f4xx.o(.text)
    CAN2_RX0_IRQHandler                      0x08000283   Thumb Code     0  startup_stm32f4xx.o(.text)
    CAN2_RX1_IRQHandler                      0x08000283   Thumb Code     0  startup_stm32f4xx.o(.text)
    CAN2_SCE_IRQHandler                      0x08000283   Thumb Code     0  startup_stm32f4xx.o(.text)
    CAN2_TX_IRQHandler                       0x08000283   Thumb Code     0  startup_stm32f4xx.o(.text)
    CRYP_IRQHandler                          0x08000283   Thumb Code     0  startup_stm32f4xx.o(.text)
    DCMI_IRQHandler                          0x08000283   Thumb Code     0  startup_stm32f4xx.o(.text)
    DMA1_Stream0_IRQHandler                  0x08000283   Thumb Code     0  startup_stm32f4xx.o(.text)
    DMA1_Stream1_IRQHandler                  0x08000283   Thumb Code     0  startup_stm32f4xx.o(.text)
    DMA1_Stream2_IRQHandler                  0x08000283   Thumb Code     0  startup_stm32f4xx.o(.text)
    DMA1_Stream3_IRQHandler                  0x08000283   Thumb Code     0  startup_stm32f4xx.o(.text)
    DMA1_Stream4_IRQHandler                  0x08000283   Thumb Code     0  startup_stm32f4xx.o(.text)
    DMA1_Stream5_IRQHandler                  0x08000283   Thumb Code     0  startup_stm32f4xx.o(.text)
    DMA1_Stream6_IRQHandler                  0x08000283   Thumb Code     0  startup_stm32f4xx.o(.text)
    DMA1_Stream7_IRQHandler                  0x08000283   Thumb Code     0  startup_stm32f4xx.o(.text)
    DMA2_Stream0_IRQHandler                  0x08000283   Thumb Code     0  startup_stm32f4xx.o(.text)
    DMA2_Stream1_IRQHandler                  0x08000283   Thumb Code     0  startup_stm32f4xx.o(.text)
    DMA2_Stream2_IRQHandler                  0x08000283   Thumb Code     0  startup_stm32f4xx.o(.text)
    DMA2_Stream3_IRQHandler                  0x08000283   Thumb Code     0  startup_stm32f4xx.o(.text)
    DMA2_Stream4_IRQHandler                  0x08000283   Thumb Code     0  startup_stm32f4xx.o(.text)
    DMA2_Stream5_IRQHandler                  0x08000283   Thumb Code     0  startup_stm32f4xx.o(.text)
    DMA2_Stream6_IRQHandler                  0x08000283   Thumb Code     0  startup_stm32f4xx.o(.text)
    DMA2_Stream7_IRQHandler                  0x08000283   Thumb Code     0  startup_stm32f4xx.o(.text)
    ETH_IRQHandler                           0x08000283   Thumb Code     0  startup_stm32f4xx.o(.text)
    ETH_WKUP_IRQHandler                      0x08000283   Thumb Code     0  startup_stm32f4xx.o(.text)
    EXTI0_IRQHandler                         0x08000283   Thumb Code     0  startup_stm32f4xx.o(.text)
    EXTI15_10_IRQHandler                     0x08000283   Thumb Code     0  startup_stm32f4xx.o(.text)
    EXTI1_IRQHandler                         0x08000283   Thumb Code     0  startup_stm32f4xx.o(.text)
    EXTI2_IRQHandler                         0x08000283   Thumb Code     0  startup_stm32f4xx.o(.text)
    EXTI3_IRQHandler                         0x08000283   Thumb Code     0  startup_stm32f4xx.o(.text)
    EXTI4_IRQHandler                         0x08000283   Thumb Code     0  startup_stm32f4xx.o(.text)
    EXTI9_5_IRQHandler                       0x08000283   Thumb Code     0  startup_stm32f4xx.o(.text)
    FLASH_IRQHandler                         0x08000283   Thumb Code     0  startup_stm32f4xx.o(.text)
    FPU_IRQHandler                           0x08000283   Thumb Code     0  startup_stm32f4xx.o(.text)
    FSMC_IRQHandler                          0x08000283   Thumb Code     0  startup_stm32f4xx.o(.text)
    HASH_RNG_IRQHandler                      0x08000283   Thumb Code     0  startup_stm32f4xx.o(.text)
    I2C1_ER_IRQHandler                       0x08000283   Thumb Code     0  startup_stm32f4xx.o(.text)
    I2C1_EV_IRQHandler                       0x08000283   Thumb Code     0  startup_stm32f4xx.o(.text)
    I2C2_ER_IRQHandler                       0x08000283   Thumb Code     0  startup_stm32f4xx.o(.text)
    I2C2_EV_IRQHandler                       0x08000283   Thumb Code     0  startup_stm32f4xx.o(.text)
    I2C3_ER_IRQHandler                       0x08000283   Thumb Code     0  startup_stm32f4xx.o(.text)
    I2C3_EV_IRQHandler                       0x08000283   Thumb Code     0  startup_stm32f4xx.o(.text)
    OTG_HS_EP1_IN_IRQHandler                 0x08000283   Thumb Code     0  startup_stm32f4xx.o(.text)
    OTG_HS_EP1_OUT_IRQHandler                0x08000283   Thumb Code     0  startup_stm32f4xx.o(.text)
    OTG_HS_IRQHandler                        0x08000283   Thumb Code     0  startup_stm32f4xx.o(.text)
    OTG_HS_WKUP_IRQHandler                   0x08000283   Thumb Code     0  startup_stm32f4xx.o(.text)
    PVD_IRQHandler                           0x08000283   Thumb Code     0  startup_stm32f4xx.o(.text)
    RCC_IRQHandler                           0x08000283   Thumb Code     0  startup_stm32f4xx.o(.text)
    RTC_Alarm_IRQHandler                     0x08000283   Thumb Code     0  startup_stm32f4xx.o(.text)
    RTC_WKUP_IRQHandler                      0x08000283   Thumb Code     0  startup_stm32f4xx.o(.text)
    SDIO_IRQHandler                          0x08000283   Thumb Code     0  startup_stm32f4xx.o(.text)
    SPI1_IRQHandler                          0x08000283   Thumb Code     0  startup_stm32f4xx.o(.text)
    SPI2_IRQHandler                          0x08000283   Thumb Code     0  startup_stm32f4xx.o(.text)
    SPI3_IRQHandler                          0x08000283   Thumb Code     0  startup_stm32f4xx.o(.text)
    TAMP_STAMP_IRQHandler                    0x08000283   Thumb Code     0  startup_stm32f4xx.o(.text)
    TIM1_BRK_TIM9_IRQHandler                 0x08000283   Thumb Code     0  startup_stm32f4xx.o(.text)
    TIM1_CC_IRQHandler                       0x08000283   Thumb Code     0  startup_stm32f4xx.o(.text)
    TIM1_TRG_COM_TIM11_IRQHandler            0x08000283   Thumb Code     0  startup_stm32f4xx.o(.text)
    TIM1_UP_TIM10_IRQHandler                 0x08000283   Thumb Code     0  startup_stm32f4xx.o(.text)
    TIM2_IRQHandler                          0x08000283   Thumb Code     0  startup_stm32f4xx.o(.text)
    TIM3_IRQHandler                          0x08000283   Thumb Code     0  startup_stm32f4xx.o(.text)
    TIM4_IRQHandler                          0x08000283   Thumb Code     0  startup_stm32f4xx.o(.text)
    TIM5_IRQHandler                          0x08000283   Thumb Code     0  startup_stm32f4xx.o(.text)
    TIM6_DAC_IRQHandler                      0x08000283   Thumb Code     0  startup_stm32f4xx.o(.text)
    TIM7_IRQHandler                          0x08000283   Thumb Code     0  startup_stm32f4xx.o(.text)
    TIM8_BRK_TIM12_IRQHandler                0x08000283   Thumb Code     0  startup_stm32f4xx.o(.text)
    TIM8_CC_IRQHandler                       0x08000283   Thumb Code     0  startup_stm32f4xx.o(.text)
    TIM8_TRG_COM_TIM14_IRQHandler            0x08000283   Thumb Code     0  startup_stm32f4xx.o(.text)
    TIM8_UP_TIM13_IRQHandler                 0x08000283   Thumb Code     0  startup_stm32f4xx.o(.text)
    UART4_IRQHandler                         0x08000283   Thumb Code     0  startup_stm32f4xx.o(.text)
    UART5_IRQHandler                         0x08000283   Thumb Code     0  startup_stm32f4xx.o(.text)
    USART1_IRQHandler                        0x08000283   Thumb Code     0  startup_stm32f4xx.o(.text)
    USART2_IRQHandler                        0x08000283   Thumb Code     0  startup_stm32f4xx.o(.text)
    USART3_IRQHandler                        0x08000283   Thumb Code     0  startup_stm32f4xx.o(.text)
    USART6_IRQHandler                        0x08000283   Thumb Code     0  startup_stm32f4xx.o(.text)
    WWDG_IRQHandler                          0x08000283   Thumb Code     0  startup_stm32f4xx.o(.text)
    __user_initial_stackheap                 0x08000285   Thumb Code     0  startup_stm32f4xx.o(.text)
    __aeabi_memclr4                          0x080002a9   Thumb Code     0  rt_memclr_w.o(.text)
    __aeabi_memclr8                          0x080002a9   Thumb Code     0  rt_memclr_w.o(.text)
    __rt_memclr_w                            0x080002a9   Thumb Code    78  rt_memclr_w.o(.text)
    _memset_w                                0x080002ad   Thumb Code     0  rt_memclr_w.o(.text)
    __use_two_region_memory                  0x080002f7   Thumb Code     2  heapauxi.o(.text)
    __rt_heap_escrow$2region                 0x080002f9   Thumb Code     2  heapauxi.o(.text)
    __rt_heap_expand$2region                 0x080002fb   Thumb Code     2  heapauxi.o(.text)
    __user_setup_stackheap                   0x080002fd   Thumb Code    74  sys_stackheap_outer.o(.text)
    exit                                     0x08000347   Thumb Code    18  exit.o(.text)
    __user_libspace                          0x08000359   Thumb Code     8  libspace.o(.text)
    __user_perproc_libspace                  0x08000359   Thumb Code     0  libspace.o(.text)
    __user_perthread_libspace                0x08000359   Thumb Code     0  libspace.o(.text)
    _sys_exit                                0x08000361   Thumb Code     8  sys_exit.o(.text)
    __I$use$semihosting                      0x0800036d   Thumb Code     0  use_no_semi.o(.text)
    __use_no_semihosting_swi                 0x0800036d   Thumb Code     2  use_no_semi.o(.text)
    __semihosting_library_function           0x0800036f   Thumb Code     0  indicate_semi.o(.text)
    BusFault_Handler                         0x08000371   Thumb Code    16  stm32f4xx_it.o(i.BusFault_Handler)
    DCD_EP_Close                             0x08000385   Thumb Code    44  usb_dcd.o(i.DCD_EP_Close)
    DCD_EP_ClrStall                          0x080003b1   Thumb Code    56  usb_dcd.o(i.DCD_EP_ClrStall)
    DCD_EP_Open                              0x080003e9   Thumb Code    60  usb_dcd.o(i.DCD_EP_Open)
    DCD_EP_PrepareRx                         0x08000425   Thumb Code    68  usb_dcd.o(i.DCD_EP_PrepareRx)
    DCD_EP_SetAddress                        0x08000469   Thumb Code    16  usb_dcd.o(i.DCD_EP_SetAddress)
    DCD_EP_Stall                             0x08000479   Thumb Code    56  usb_dcd.o(i.DCD_EP_Stall)
    DCD_EP_Tx                                0x080004b1   Thumb Code    62  usb_dcd.o(i.DCD_EP_Tx)
    DCD_Init                                 0x08000791   Thumb Code   148  usb_dcd.o(i.DCD_Init)
    DebugMon_Handler                         0x080008a3   Thumb Code     2  stm32f4xx_it.o(i.DebugMon_Handler)
    EXTI_ClearITPendingBit                   0x080008a5   Thumb Code     6  stm32f4xx_exti.o(i.EXTI_ClearITPendingBit)
    GPIO_Init                                0x080008b1   Thumb Code   162  stm32f4xx_gpio.o(i.GPIO_Init)
    GPIO_PinAFConfig                         0x08000953   Thumb Code    32  stm32f4xx_gpio.o(i.GPIO_PinAFConfig)
    GPIO_ReadInputDataBit                    0x08000973   Thumb Code    14  stm32f4xx_gpio.o(i.GPIO_ReadInputDataBit)
    GPIO_ResetBits                           0x08000981   Thumb Code     4  stm32f4xx_gpio.o(i.GPIO_ResetBits)
    GPIO_SetBits                             0x08000985   Thumb Code     4  stm32f4xx_gpio.o(i.GPIO_SetBits)
    HardFault_Handler                        0x080009f5   Thumb Code    16  stm32f4xx_it.o(i.HardFault_Handler)
    I2C_AcknowledgeConfig                    0x08000a09   Thumb Code    20  stm32f4xx_i2c.o(i.I2C_AcknowledgeConfig)
    I2C_CheckEvent                           0x08000a1d   Thumb Code    24  stm32f4xx_i2c.o(i.I2C_CheckEvent)
    I2C_ClearFlag                            0x08000a35   Thumb Code     6  stm32f4xx_i2c.o(i.I2C_ClearFlag)
    I2C_Cmd                                  0x08000a3b   Thumb Code    20  stm32f4xx_i2c.o(i.I2C_Cmd)
    I2C_DeInit                               0x08000a51   Thumb Code    56  stm32f4xx_i2c.o(i.I2C_DeInit)
    I2C_GenerateSTART                        0x08000a95   Thumb Code    20  stm32f4xx_i2c.o(i.I2C_GenerateSTART)
    I2C_GenerateSTOP                         0x08000aa9   Thumb Code    20  stm32f4xx_i2c.o(i.I2C_GenerateSTOP)
    I2C_GetFlagStatus                        0x08000abd   Thumb Code    42  stm32f4xx_i2c.o(i.I2C_GetFlagStatus)
    I2C_Init                                 0x08000ae9   Thumb Code   174  stm32f4xx_i2c.o(i.I2C_Init)
    I2C_ReceiveData                          0x08000ba1   Thumb Code     6  stm32f4xx_i2c.o(i.I2C_ReceiveData)
    I2C_Send7bitAddress                      0x08000ba7   Thumb Code    16  stm32f4xx_i2c.o(i.I2C_Send7bitAddress)
    I2C_SendData                             0x08000bb7   Thumb Code     4  stm32f4xx_i2c.o(i.I2C_SendData)
    MemManage_Handler                        0x08000bbb   Thumb Code     2  stm32f4xx_it.o(i.MemManage_Handler)
    NMI_Handler                              0x08000bbd   Thumb Code     2  stm32f4xx_it.o(i.NMI_Handler)
    NVIC_Init                                0x08000bc1   Thumb Code    96  misc.o(i.NVIC_Init)
    NVIC_PriorityGroupConfig                 0x08000c25   Thumb Code    10  misc.o(i.NVIC_PriorityGroupConfig)
    OTG_FS_IRQHandler                        0x08000c59   Thumb Code     6  stm32f4xx_uc3m_it.o(i.OTG_FS_IRQHandler)
    OTG_FS_WKUP_IRQHandler                   0x08000c65   Thumb Code    40  stm32f4xx_uc3m_it.o(i.OTG_FS_WKUP_IRQHandler)
    PendSV_Handler                           0x08000c95   Thumb Code     2  stm32f4xx_it.o(i.PendSV_Handler)
    RCC_AHB1PeriphClockCmd                   0x08000c99   Thumb Code    18  stm32f4xx_rcc.o(i.RCC_AHB1PeriphClockCmd)
    RCC_AHB2PeriphClockCmd                   0x08000cb1   Thumb Code    18  stm32f4xx_rcc.o(i.RCC_AHB2PeriphClockCmd)
    RCC_APB1PeriphClockCmd                   0x08000cc9   Thumb Code    18  stm32f4xx_rcc.o(i.RCC_APB1PeriphClockCmd)
    RCC_APB1PeriphResetCmd                   0x08000ce1   Thumb Code    18  stm32f4xx_rcc.o(i.RCC_APB1PeriphResetCmd)
    RCC_APB2PeriphClockCmd                   0x08000cf9   Thumb Code    18  stm32f4xx_rcc.o(i.RCC_APB2PeriphClockCmd)
    RCC_GetClocksFreq                        0x08000d11   Thumb Code   132  stm32f4xx_rcc.o(i.RCC_GetClocksFreq)
    SVC_Handler                              0x08000da1   Thumb Code     2  stm32f4xx_it.o(i.SVC_Handler)
    SysTick_Handler                          0x08000e59   Thumb Code     4  stm32f4xx_it.o(i.SysTick_Handler)
    SysTimer_delay_us                        0x08000e5d   Thumb Code    22  waijung_hwdrvlib.o(i.SysTimer_delay_us)
    SysTimer_uS_IsTimeout                    0x08000e75   Thumb Code    74  waijung_hwdrvlib.o(i.SysTimer_uS_IsTimeout)
    SysTimer_uS_Start                        0x08000ec9   Thumb Code    22  waijung_hwdrvlib.o(i.SysTimer_uS_Start)
    SystemInit                               0x08000ee5   Thumb Code    74  system_stm32f4xx.o(i.SystemInit)
    TIM_ARRPreloadConfig                     0x08000f41   Thumb Code    20  stm32f4xx_tim.o(i.TIM_ARRPreloadConfig)
    TIM_Cmd                                  0x08000f55   Thumb Code    20  stm32f4xx_tim.o(i.TIM_Cmd)
    TIM_OC2Init                              0x08000f69   Thumb Code   120  stm32f4xx_tim.o(i.TIM_OC2Init)
    TIM_OC2PreloadConfig                     0x08000fe9   Thumb Code    20  stm32f4xx_tim.o(i.TIM_OC2PreloadConfig)
    TIM_TimeBaseInit                         0x08000ffd   Thumb Code    96  stm32f4xx_tim.o(i.TIM_TimeBaseInit)
    USBD_ClrCfg                              0x08001079   Thumb Code    14  usbd_core.o(i.USBD_ClrCfg)
    USBD_CtlContinueRx                       0x08001087   Thumb Code    18  usbd_ioreq.o(i.USBD_CtlContinueRx)
    USBD_CtlContinueSendData                 0x08001099   Thumb Code    18  usbd_ioreq.o(i.USBD_CtlContinueSendData)
    USBD_CtlError                            0x080010ab   Thumb Code    36  usbd_req.o(i.USBD_CtlError)
    USBD_CtlPrepareRx                        0x080010cf   Thumb Code    32  usbd_ioreq.o(i.USBD_CtlPrepareRx)
    USBD_CtlReceiveStatus                    0x080010ef   Thumb Code    34  usbd_ioreq.o(i.USBD_CtlReceiveStatus)
    USBD_CtlSendData                         0x08001111   Thumb Code    32  usbd_ioreq.o(i.USBD_CtlSendData)
    USBD_CtlSendStatus                       0x08001131   Thumb Code    34  usbd_ioreq.o(i.USBD_CtlSendStatus)
    USBD_GetString                           0x0800132f   Thumb Code    70  usbd_req.o(i.USBD_GetString)
    USBD_Init                                0x08001375   Thumb Code    52  usbd_core.o(i.USBD_Init)
    USBD_OTG_ISR_Handler                     0x080013c5   Thumb Code   376  usb_dcd_int.o(i.USBD_OTG_ISR_Handler)
    USBD_ParseSetupRequest                   0x08001545   Thumb Code    68  usbd_req.o(i.USBD_ParseSetupRequest)
    USBD_SetCfg                              0x080015dd   Thumb Code    26  usbd_core.o(i.USBD_SetCfg)
    USBD_StdDevReq                           0x08001725   Thumb Code   238  usbd_req.o(i.USBD_StdDevReq)
    USBD_StdEPReq                            0x08001819   Thumb Code   208  usbd_req.o(i.USBD_StdEPReq)
    USBD_StdItfReq                           0x080018ed   Thumb Code    54  usbd_req.o(i.USBD_StdItfReq)
    USBD_USR_ConfigStrDescriptor             0x08001939   Thumb Code    16  usbd_desc.o(i.USBD_USR_ConfigStrDescriptor)
    USBD_USR_DeviceConfigured                0x08001959   Thumb Code     2  usbd_usr.o(i.USBD_USR_DeviceConfigured)
    USBD_USR_DeviceConnected                 0x0800195b   Thumb Code     2  usbd_usr.o(i.USBD_USR_DeviceConnected)
    USBD_USR_DeviceDescriptor                0x0800195d   Thumb Code     8  usbd_desc.o(i.USBD_USR_DeviceDescriptor)
    USBD_USR_DeviceDisconnected              0x08001969   Thumb Code     2  usbd_usr.o(i.USBD_USR_DeviceDisconnected)
    USBD_USR_DeviceReset                     0x0800196b   Thumb Code     2  usbd_usr.o(i.USBD_USR_DeviceReset)
    USBD_USR_DeviceResumed                   0x0800196d   Thumb Code     2  usbd_usr.o(i.USBD_USR_DeviceResumed)
    USBD_USR_DeviceSuspended                 0x0800196f   Thumb Code     2  usbd_usr.o(i.USBD_USR_DeviceSuspended)
    USBD_USR_Init                            0x08001971   Thumb Code    44  usbd_usr.o(i.USBD_USR_Init)
    USBD_USR_InterfaceStrDescriptor          0x080019a5   Thumb Code    16  usbd_desc.o(i.USBD_USR_InterfaceStrDescriptor)
    USBD_USR_LangIDStrDescriptor             0x080019c9   Thumb Code     8  usbd_desc.o(i.USBD_USR_LangIDStrDescriptor)
    USBD_USR_ManufacturerStrDescriptor       0x080019d5   Thumb Code    16  usbd_desc.o(i.USBD_USR_ManufacturerStrDescriptor)
    USBD_USR_ProductStrDescriptor            0x080019fd   Thumb Code    24  usbd_desc.o(i.USBD_USR_ProductStrDescriptor)
    USBD_USR_SerialStrDescriptor             0x08001a61   Thumb Code    24  usbd_desc.o(i.USBD_USR_SerialStrDescriptor)
    USB_OTG_BSP_EnableInterrupt              0x08001aa9   Thumb Code    40  usb_bsp.o(i.USB_OTG_BSP_EnableInterrupt)
    USB_OTG_BSP_Init                         0x08001ad1   Thumb Code   150  usb_bsp.o(i.USB_OTG_BSP_Init)
    USB_OTG_BSP_mDelay                       0x08001b6d   Thumb Code    10  usb_bsp.o(i.USB_OTG_BSP_mDelay)
    USB_OTG_BSP_uDelay                       0x08001b77   Thumb Code    22  usb_bsp.o(i.USB_OTG_BSP_uDelay)
    USB_OTG_CoreInit                         0x08001b8d   Thumb Code   218  usb_core.o(i.USB_OTG_CoreInit)
    USB_OTG_CoreInitDev                      0x08001c69   Thumb Code   312  usb_core.o(i.USB_OTG_CoreInitDev)
    USB_OTG_DisableGlobalInt                 0x08001df9   Thumb Code    16  usb_core.o(i.USB_OTG_DisableGlobalInt)
    USB_OTG_EP0Activate                      0x08001e09   Thumb Code    58  usb_core.o(i.USB_OTG_EP0Activate)
    USB_OTG_EP0StartXfer                     0x08001e45   Thumb Code   182  usb_core.o(i.USB_OTG_EP0StartXfer)
    USB_OTG_EP0_OutStart                     0x08001efd   Thumb Code    32  usb_core.o(i.USB_OTG_EP0_OutStart)
    USB_OTG_EPActivate                       0x08001f21   Thumb Code    82  usb_core.o(i.USB_OTG_EPActivate)
    USB_OTG_EPClearStall                     0x08001f73   Thumb Code    50  usb_core.o(i.USB_OTG_EPClearStall)
    USB_OTG_EPDeactivate                     0x08001fa5   Thumb Code    52  usb_core.o(i.USB_OTG_EPDeactivate)
    USB_OTG_EPSetStall                       0x08001fd9   Thumb Code    48  usb_core.o(i.USB_OTG_EPSetStall)
    USB_OTG_EPStartXfer                      0x08002009   Thumb Code   288  usb_core.o(i.USB_OTG_EPStartXfer)
    USB_OTG_EnableDevInt                     0x08002129   Thumb Code    62  usb_core.o(i.USB_OTG_EnableDevInt)
    USB_OTG_EnableGlobalInt                  0x0800216d   Thumb Code    16  usb_core.o(i.USB_OTG_EnableGlobalInt)
    USB_OTG_FlushRxFifo                      0x0800217d   Thumb Code    52  usb_core.o(i.USB_OTG_FlushRxFifo)
    USB_OTG_FlushTxFifo                      0x080021b5   Thumb Code    60  usb_core.o(i.USB_OTG_FlushTxFifo)
    USB_OTG_GetDeviceSpeed                   0x080021f5   Thumb Code    38  usb_core.o(i.USB_OTG_GetDeviceSpeed)
    USB_OTG_InitDevSpeed                     0x0800221b   Thumb Code    12  usb_core.o(i.USB_OTG_InitDevSpeed)
    USB_OTG_IsDeviceMode                     0x08002227   Thumb Code    18  usb_core.o(i.USB_OTG_IsDeviceMode)
    USB_OTG_ReadCoreItr                      0x08002239   Thumb Code    10  usb_core.o(i.USB_OTG_ReadCoreItr)
    USB_OTG_ReadDevAllInEPItr                0x08002243   Thumb Code    12  usb_core.o(i.USB_OTG_ReadDevAllInEPItr)
    USB_OTG_ReadDevAllOutEp_itr              0x0800224f   Thumb Code    12  usb_core.o(i.USB_OTG_ReadDevAllOutEp_itr)
    USB_OTG_ReadDevOutEP_itr                 0x0800225b   Thumb Code    16  usb_core.o(i.USB_OTG_ReadDevOutEP_itr)
    USB_OTG_ReadPacket                       0x0800226b   Thumb Code    32  usb_core.o(i.USB_OTG_ReadPacket)
    USB_OTG_SelectCore                       0x0800228d   Thumb Code   188  usb_core.o(i.USB_OTG_SelectCore)
    USB_OTG_SetCurrentMode                   0x0800234d   Thumb Code    42  usb_core.o(i.USB_OTG_SetCurrentMode)
    USB_OTG_UngateClock                      0x08002377   Thumb Code    30  usb_core.o(i.USB_OTG_UngateClock)
    USB_OTG_WritePacket                      0x08002395   Thumb Code    40  usb_core.o(i.USB_OTG_WritePacket)
    UsageFault_Handler                       0x080023bd   Thumb Code     2  stm32f4xx_it.o(i.UsageFault_Handler)
    VCP_send                                 0x08002455   Thumb Code     4  usbd_cdc_vcp.o(i.VCP_send)
    carmen_controller_initialize             0x08002459   Thumb Code   190  carmen_controller.o(i.carmen_controller_initialize)
    carmen_controller_step                   0x08002549   Thumb Code   674  carmen_controller.o(i.carmen_controller_step)
    disable_I2CMasterSetup1                  0x08002821   Thumb Code    88  waijung_hwdrvlib.o(i.disable_I2CMasterSetup1)
    enable_ControlLogicReadSensorSensorReadoutI2CMasterReadWrite 0x08002881   Thumb Code    22  waijung_hwdrvlib.o(i.enable_ControlLogicReadSensorSensorReadoutI2CMasterReadWrite)
    enable_ControlLogicReadSensorSensorReadoutSelectSensorDigitalOutput3 0x080028a1   Thumb Code    42  waijung_hwdrvlib.o(i.enable_ControlLogicReadSensorSensorReadoutSelectSensorDigitalOutput3)
    enable_I2CMasterSetup1                   0x080028d1   Thumb Code   170  waijung_hwdrvlib.o(i.enable_I2CMasterSetup1)
    enable_PWMOutputUC3MBasicPWM             0x08002989   Thumb Code   146  waijung_hwdrvlib.o(i.enable_PWMOutputUC3MBasicPWM)
    i2c1_trans_proc                          0x08002a21   Thumb Code    98  waijung_hwdrvlib.o(i.i2c1_trans_proc)
    i2c_trans_proc                           0x08002a8d   Thumb Code   974  waijung_hwdrvlib.o(i.i2c_trans_proc)
    main                                     0x08002e71   Thumb Code    40  main.o(i.main)
    rt_OneStep                               0x08002e9d   Thumb Code    16  main.o(i.rt_OneStep)
    _fp_init                                 0x080030c1   Thumb Code    10  fpinit.o(x$fpl$fpinit)
    __fplib_config_fpu_vfp                   0x080030c9   Thumb Code     0  fpinit.o(x$fpl$fpinit)
    __fplib_config_pureend_doubles           0x080030c9   Thumb Code     0  fpinit.o(x$fpl$fpinit)
    carmen_controller_P                      0x080030cc   Data         256  carmen_controller_data.o(.constdata)
    carmen_controller_M                      0x080031cc   Data           4  carmen_controller.o(.constdata)
    Region$$Table$$Base                      0x080031d0   Number         0  anon$$obj.o(Region$$Table)
    Region$$Table$$Limit                     0x08003210   Number         0  anon$$obj.o(Region$$Table)
    Target_VCP_Rec_to_PC_BUF                 0x10000000   Data          13  waijung_hwdrvlib.o(.ccm)
    Target_VCP_Send_to_PC_BUF                0x1000000d   Data          20  waijung_hwdrvlib.o(.ccm)
    USB_Rx_Buffer                            0x10000021   Data        2048  usbd_cdc_core.o(.ccm)
    APP_Rx_Buffer                            0x10000821   Data        2048  usbd_cdc_core.o(.ccm)
    I2CMasterReadWrite_RBuffer               0x20000000   Data           2  waijung_hwdrvlib.o(.data)
    Target_VCP_Rec_to_PC_BUF_ptr             0x20000004   Data           4  waijung_hwdrvlib.o(.data)
    Target_VCP_Rec_to_PC_BUF_ptr_uint8       0x20000008   Data           4  waijung_hwdrvlib.o(.data)
    VCP_Rx_valid_data                        0x2000000c   Data           1  waijung_hwdrvlib.o(.data)
    Target_VCP_Send_to_PC_BUF_ptr            0x20000010   Data           4  waijung_hwdrvlib.o(.data)
    Target_VCP_Send_to_PC_BUF_ptr_uint8      0x20000014   Data           4  waijung_hwdrvlib.o(.data)
    USBD_DCD_INT_cb                          0x20000028   Data          44  usbd_core.o(.data)
    USBD_DCD_INT_fops                        0x20000054   Data           4  usbd_core.o(.data)
    linecoding                               0x20000058   Data           8  usbd_cdc_vcp.o(.data)
    VCP_fops                                 0x20000060   Data          20  usbd_cdc_vcp.o(.data)
    SystemCoreClock                          0x20000074   Data           4  system_stm32f4xx.o(.data)
    AHBPrescTable                            0x20000078   Data          16  system_stm32f4xx.o(.data)
    USR_desc                                 0x20000088   Data          28  usbd_desc.o(.data)
    USBD_LangIDDesc                          0x200000a4   Data           4  usbd_desc.o(.data)
    USBD_DeviceDesc                          0x200000a8   Data          18  usbd_desc.o(.data)
    USB_Tx_State                             0x200000bc   Data           1  usbd_cdc_core.o(.data)
    APP_Rx_ptr_in                            0x200000c4   Data           4  usbd_cdc_core.o(.data)
    APP_Rx_ptr_out                           0x200000c8   Data           4  usbd_cdc_core.o(.data)
    APP_Rx_length                            0x200000cc   Data           4  usbd_cdc_core.o(.data)
    CmdBuff                                  0x200000dc   Data           8  usbd_cdc_core.o(.data)
    usbd_cdc_CfgDesc                         0x200000e4   Data          67  usbd_cdc_core.o(.data)
    USBD_CDC_cb                              0x20000128   Data          44  usbd_cdc_core.o(.data)
    systick_count                            0x20000154   Data           4  main.o(.data)
    carmen_controller_M_                     0x2000015c   Data           8  carmen_controller.o(.data)
    USBD_ep_status                           0x20000168   Data           4  usbd_req.o(.data)
    USBD_default_cfg                         0x2000016c   Data           4  usbd_req.o(.data)
    USBD_cfg_status                          0x20000170   Data           4  usbd_req.o(.data)
    USR_cb                                   0x20000174   Data          28  usbd_usr.o(.data)
    i2c_processing_timer                     0x20000190   Data          16  waijung_hwdrvlib.o(.bss)
    I2CMasterReadWrite                       0x200001a0   Data          20  waijung_hwdrvlib.o(.bss)
    USB_OTG_dev                              0x200001b4   Data        1520  waijung_hwdrvlib.o(.bss)
    carmen_controller_B                      0x200007a4   Data          32  carmen_controller.o(.bss)
    carmen_controller_DWork                  0x200007c4   Data          40  carmen_controller.o(.bss)
    USBD_StrDesc                             0x200007ec   Data          50  usbd_req.o(.bss)
    __libspace_start                         0x20000820   Data          96  libspace.o(.bss)
    __temporary_stack_top$libspace           0x20000880   Data           0  libspace.o(.bss)



==============================================================================

Memory Map of the image

  Image Entry point : 0x08000189

  Load Region LR_IROM1 (Base: 0x08000000, Size: 0x000043c4, Max: 0x00100000, ABSOLUTE, COMPRESSED[0x00003320])

    Execution Region ER_IROM1 (Base: 0x08000000, Size: 0x00003210, Max: 0x00100000, ABSOLUTE)

    Base Addr    Size         Type   Attr      Idx    E Section Name        Object

    0x08000000   0x00000188   Data   RO         2900    RESET               startup_stm32f4xx.o
    0x08000188   0x00000008   Code   RO         2911  * !!!main             c_w.l(__main.o)
    0x08000190   0x00000034   Code   RO         3070    !!!scatter          c_w.l(__scatter.o)
    0x080001c4   0x0000005a   Code   RO         3068    !!dczerorl2         c_w.l(__dczerorl2.o)
    0x0800021e   0x00000002   PAD
    0x08000220   0x0000001c   Code   RO         3072    !!handler_zi        c_w.l(__scatter_zi.o)
    0x0800023c   0x00000002   Code   RO         2938    .ARM.Collect$$libinit$$00000000  c_w.l(libinit.o)
    0x0800023e   0x00000004   Code   RO         2944    .ARM.Collect$$libinit$$00000001  c_w.l(libinit2.o)
    0x08000242   0x00000000   Code   RO         2947    .ARM.Collect$$libinit$$00000004  c_w.l(libinit2.o)
    0x08000242   0x00000000   Code   RO         2950    .ARM.Collect$$libinit$$0000000A  c_w.l(libinit2.o)
    0x08000242   0x00000000   Code   RO         2952    .ARM.Collect$$libinit$$0000000C  c_w.l(libinit2.o)
    0x08000242   0x00000000   Code   RO         2954    .ARM.Collect$$libinit$$0000000E  c_w.l(libinit2.o)
    0x08000242   0x00000000   Code   RO         2957    .ARM.Collect$$libinit$$00000011  c_w.l(libinit2.o)
    0x08000242   0x00000000   Code   RO         2959    .ARM.Collect$$libinit$$00000013  c_w.l(libinit2.o)
    0x08000242   0x00000000   Code   RO         2961    .ARM.Collect$$libinit$$00000015  c_w.l(libinit2.o)
    0x08000242   0x00000000   Code   RO         2963    .ARM.Collect$$libinit$$00000017  c_w.l(libinit2.o)
    0x08000242   0x00000000   Code   RO         2965    .ARM.Collect$$libinit$$00000019  c_w.l(libinit2.o)
    0x08000242   0x00000000   Code   RO         2967    .ARM.Collect$$libinit$$0000001B  c_w.l(libinit2.o)
    0x08000242   0x00000000   Code   RO         2969    .ARM.Collect$$libinit$$0000001D  c_w.l(libinit2.o)
    0x08000242   0x00000000   Code   RO         2971    .ARM.Collect$$libinit$$0000001F  c_w.l(libinit2.o)
    0x08000242   0x00000000   Code   RO         2973    .ARM.Collect$$libinit$$00000021  c_w.l(libinit2.o)
    0x08000242   0x00000000   Code   RO         2975    .ARM.Collect$$libinit$$00000023  c_w.l(libinit2.o)
    0x08000242   0x00000000   Code   RO         2977    .ARM.Collect$$libinit$$00000025  c_w.l(libinit2.o)
    0x08000242   0x00000000   Code   RO         2981    .ARM.Collect$$libinit$$0000002C  c_w.l(libinit2.o)
    0x08000242   0x00000000   Code   RO         2983    .ARM.Collect$$libinit$$0000002E  c_w.l(libinit2.o)
    0x08000242   0x00000000   Code   RO         2985    .ARM.Collect$$libinit$$00000030  c_w.l(libinit2.o)
    0x08000242   0x00000000   Code   RO         2987    .ARM.Collect$$libinit$$00000032  c_w.l(libinit2.o)
    0x08000242   0x00000002   Code   RO         2988    .ARM.Collect$$libinit$$00000033  c_w.l(libinit2.o)
    0x08000244   0x00000002   Code   RO         3008    .ARM.Collect$$libshutdown$$00000000  c_w.l(libshutdown.o)
    0x08000246   0x00000000   Code   RO         3021    .ARM.Collect$$libshutdown$$00000002  c_w.l(libshutdown2.o)
    0x08000246   0x00000000   Code   RO         3023    .ARM.Collect$$libshutdown$$00000004  c_w.l(libshutdown2.o)
    0x08000246   0x00000000   Code   RO         3026    .ARM.Collect$$libshutdown$$00000007  c_w.l(libshutdown2.o)
    0x08000246   0x00000000   Code   RO         3029    .ARM.Collect$$libshutdown$$0000000A  c_w.l(libshutdown2.o)
    0x08000246   0x00000000   Code   RO         3031    .ARM.Collect$$libshutdown$$0000000C  c_w.l(libshutdown2.o)
    0x08000246   0x00000000   Code   RO         3034    .ARM.Collect$$libshutdown$$0000000F  c_w.l(libshutdown2.o)
    0x08000246   0x00000002   Code   RO         3035    .ARM.Collect$$libshutdown$$00000010  c_w.l(libshutdown2.o)
    0x08000248   0x00000000   Code   RO         2913    .ARM.Collect$$rtentry$$00000000  c_w.l(__rtentry.o)
    0x08000248   0x00000000   Code   RO         2915    .ARM.Collect$$rtentry$$00000002  c_w.l(__rtentry2.o)
    0x08000248   0x00000006   Code   RO         2927    .ARM.Collect$$rtentry$$00000004  c_w.l(__rtentry4.o)
    0x0800024e   0x00000000   Code   RO         2917    .ARM.Collect$$rtentry$$00000009  c_w.l(__rtentry2.o)
    0x0800024e   0x00000004   Code   RO         2918    .ARM.Collect$$rtentry$$0000000A  c_w.l(__rtentry2.o)
    0x08000252   0x00000000   Code   RO         2920    .ARM.Collect$$rtentry$$0000000C  c_w.l(__rtentry2.o)
    0x08000252   0x00000008   Code   RO         2921    .ARM.Collect$$rtentry$$0000000D  c_w.l(__rtentry2.o)
    0x0800025a   0x00000002   Code   RO         2942    .ARM.Collect$$rtexit$$00000000  c_w.l(rtexit.o)
    0x0800025c   0x00000000   Code   RO         2990    .ARM.Collect$$rtexit$$00000002  c_w.l(rtexit2.o)
    0x0800025c   0x00000004   Code   RO         2991    .ARM.Collect$$rtexit$$00000003  c_w.l(rtexit2.o)
    0x08000260   0x00000006   Code   RO         2992    .ARM.Collect$$rtexit$$00000004  c_w.l(rtexit2.o)
    0x08000266   0x00000002   PAD
    0x08000268   0x00000040   Code   RO         2901    .text               startup_stm32f4xx.o
    0x080002a8   0x0000004e   Code   RO         2907    .text               c_w.l(rt_memclr_w.o)
    0x080002f6   0x00000006   Code   RO         2909    .text               c_w.l(heapauxi.o)
    0x080002fc   0x0000004a   Code   RO         2929    .text               c_w.l(sys_stackheap_outer.o)
    0x08000346   0x00000012   Code   RO         2931    .text               c_w.l(exit.o)
    0x08000358   0x00000008   Code   RO         2939    .text               c_w.l(libspace.o)
    0x08000360   0x0000000c   Code   RO         3000    .text               c_w.l(sys_exit.o)
    0x0800036c   0x00000002   Code   RO         3011    .text               c_w.l(use_no_semi.o)
    0x0800036e   0x00000000   Code   RO         3013    .text               c_w.l(indicate_semi.o)
    0x0800036e   0x00000002   PAD
    0x08000370   0x00000014   Code   RO         1784    i.BusFault_Handler  stm32f4xx_it.o
    0x08000384   0x0000002c   Code   RO            5    i.DCD_EP_Close      usb_dcd.o
    0x080003b0   0x00000038   Code   RO            6    i.DCD_EP_ClrStall   usb_dcd.o
    0x080003e8   0x0000003c   Code   RO            8    i.DCD_EP_Open       usb_dcd.o
    0x08000424   0x00000044   Code   RO            9    i.DCD_EP_PrepareRx  usb_dcd.o
    0x08000468   0x00000010   Code   RO           10    i.DCD_EP_SetAddress  usb_dcd.o
    0x08000478   0x00000038   Code   RO           11    i.DCD_EP_Stall      usb_dcd.o
    0x080004b0   0x0000003e   Code   RO           12    i.DCD_EP_Tx         usb_dcd.o
    0x080004ee   0x00000002   PAD
    0x080004f0   0x000000e8   Code   RO         1434    i.DCD_HandleInEP_ISR  usb_dcd_int.o
    0x080005d8   0x000000b8   Code   RO         1435    i.DCD_HandleOutEP_ISR  usb_dcd_int.o
    0x08000690   0x0000007c   Code   RO         1436    i.DCD_HandleRxStatusQueueLevel_ISR  usb_dcd_int.o
    0x0800070c   0x00000084   Code   RO         1437    i.DCD_HandleUsbReset_ISR  usb_dcd_int.o
    0x08000790   0x00000094   Code   RO           14    i.DCD_Init          usb_dcd.o
    0x08000824   0x0000007e   Code   RO         1438    i.DCD_WriteEmptyTxFifo  usb_dcd_int.o
    0x080008a2   0x00000002   Code   RO         1785    i.DebugMon_Handler  stm32f4xx_it.o
    0x080008a4   0x0000000c   Code   RO         1484    i.EXTI_ClearITPendingBit  stm32f4xx_exti.o
    0x080008b0   0x000000a2   Code   RO         2803    i.GPIO_Init         stm32f4xx_gpio.o
    0x08000952   0x00000020   Code   RO         2804    i.GPIO_PinAFConfig  stm32f4xx_gpio.o
    0x08000972   0x0000000e   Code   RO         2807    i.GPIO_ReadInputDataBit  stm32f4xx_gpio.o
    0x08000980   0x00000004   Code   RO         2810    i.GPIO_ResetBits    stm32f4xx_gpio.o
    0x08000984   0x00000004   Code   RO         2811    i.GPIO_SetBits      stm32f4xx_gpio.o
    0x08000988   0x0000006c   Code   RO         1715    i.Handle_USBAsynchXfer  usbd_cdc_core.o
    0x080009f4   0x00000014   Code   RO         1786    i.HardFault_Handler  stm32f4xx_it.o
    0x08000a08   0x00000014   Code   RO         1018    i.I2C_AcknowledgeConfig  stm32f4xx_i2c.o
    0x08000a1c   0x00000018   Code   RO         1020    i.I2C_CheckEvent    stm32f4xx_i2c.o
    0x08000a34   0x00000006   Code   RO         1021    i.I2C_ClearFlag     stm32f4xx_i2c.o
    0x08000a3a   0x00000014   Code   RO         1023    i.I2C_Cmd           stm32f4xx_i2c.o
    0x08000a4e   0x00000002   PAD
    0x08000a50   0x00000044   Code   RO         1026    i.I2C_DeInit        stm32f4xx_i2c.o
    0x08000a94   0x00000014   Code   RO         1030    i.I2C_GenerateSTART  stm32f4xx_i2c.o
    0x08000aa8   0x00000014   Code   RO         1031    i.I2C_GenerateSTOP  stm32f4xx_i2c.o
    0x08000abc   0x0000002a   Code   RO         1032    i.I2C_GetFlagStatus  stm32f4xx_i2c.o
    0x08000ae6   0x00000002   PAD
    0x08000ae8   0x000000b8   Code   RO         1037    i.I2C_Init          stm32f4xx_i2c.o
    0x08000ba0   0x00000006   Code   RO         1042    i.I2C_ReceiveData   stm32f4xx_i2c.o
    0x08000ba6   0x00000010   Code   RO         1044    i.I2C_Send7bitAddress  stm32f4xx_i2c.o
    0x08000bb6   0x00000004   Code   RO         1045    i.I2C_SendData      stm32f4xx_i2c.o
    0x08000bba   0x00000002   Code   RO         1787    i.MemManage_Handler  stm32f4xx_it.o
    0x08000bbc   0x00000002   Code   RO         1788    i.NMI_Handler       stm32f4xx_it.o
    0x08000bbe   0x00000002   PAD
    0x08000bc0   0x00000064   Code   RO         2025    i.NVIC_Init         misc.o
    0x08000c24   0x00000014   Code   RO         2026    i.NVIC_PriorityGroupConfig  misc.o
    0x08000c38   0x00000020   Code   RO         1855    i.NVIC_SetPriority  main.o
    0x08000c58   0x0000000c   Code   RO         1315    i.OTG_FS_IRQHandler  stm32f4xx_uc3m_it.o
    0x08000c64   0x00000030   Code   RO         1316    i.OTG_FS_WKUP_IRQHandler  stm32f4xx_uc3m_it.o
    0x08000c94   0x00000002   Code   RO         1789    i.PendSV_Handler    stm32f4xx_it.o
    0x08000c96   0x00000002   PAD
    0x08000c98   0x00000018   Code   RO          699    i.RCC_AHB1PeriphClockCmd  stm32f4xx_rcc.o
    0x08000cb0   0x00000018   Code   RO          702    i.RCC_AHB2PeriphClockCmd  stm32f4xx_rcc.o
    0x08000cc8   0x00000018   Code   RO          708    i.RCC_APB1PeriphClockCmd  stm32f4xx_rcc.o
    0x08000ce0   0x00000018   Code   RO          710    i.RCC_APB1PeriphResetCmd  stm32f4xx_rcc.o
    0x08000cf8   0x00000018   Code   RO          711    i.RCC_APB2PeriphClockCmd  stm32f4xx_rcc.o
    0x08000d10   0x00000090   Code   RO          720    i.RCC_GetClocksFreq  stm32f4xx_rcc.o
    0x08000da0   0x00000002   Code   RO         1790    i.SVC_Handler       stm32f4xx_it.o
    0x08000da2   0x00000002   PAD
    0x08000da4   0x000000b4   Code   RO         1613    i.SetSysClock       system_stm32f4xx.o
    0x08000e58   0x00000004   Code   RO         1791    i.SysTick_Handler   stm32f4xx_it.o
    0x08000e5c   0x00000016   Code   RO          222    i.SysTimer_delay_us  waijung_hwdrvlib.o
    0x08000e72   0x00000002   PAD
    0x08000e74   0x00000054   Code   RO          223    i.SysTimer_uS_IsTimeout  waijung_hwdrvlib.o
    0x08000ec8   0x0000001c   Code   RO          224    i.SysTimer_uS_Start  waijung_hwdrvlib.o
    0x08000ee4   0x0000005c   Code   RO         1615    i.SystemInit        system_stm32f4xx.o
    0x08000f40   0x00000014   Code   RO         2257    i.TIM_ARRPreloadConfig  stm32f4xx_tim.o
    0x08000f54   0x00000014   Code   RO         2269    i.TIM_Cmd           stm32f4xx_tim.o
    0x08000f68   0x00000080   Code   RO         2303    i.TIM_OC2Init       stm32f4xx_tim.o
    0x08000fe8   0x00000014   Code   RO         2306    i.TIM_OC2PreloadConfig  stm32f4xx_tim.o
    0x08000ffc   0x0000007c   Code   RO         2341    i.TIM_TimeBaseInit  stm32f4xx_tim.o
    0x08001078   0x0000000e   Code   RO         1341    i.USBD_ClrCfg       usbd_core.o
    0x08001086   0x00000012   Code   RO          371    i.USBD_CtlContinueRx  usbd_ioreq.o
    0x08001098   0x00000012   Code   RO          372    i.USBD_CtlContinueSendData  usbd_ioreq.o
    0x080010aa   0x00000024   Code   RO         2119    i.USBD_CtlError     usbd_req.o
    0x080010ce   0x00000020   Code   RO          373    i.USBD_CtlPrepareRx  usbd_ioreq.o
    0x080010ee   0x00000022   Code   RO          374    i.USBD_CtlReceiveStatus  usbd_ioreq.o
    0x08001110   0x00000020   Code   RO          375    i.USBD_CtlSendData  usbd_ioreq.o
    0x08001130   0x00000022   Code   RO          376    i.USBD_CtlSendStatus  usbd_ioreq.o
    0x08001152   0x00000096   Code   RO         1342    i.USBD_DataInStage  usbd_core.o
    0x080011e8   0x00000078   Code   RO         1343    i.USBD_DataOutStage  usbd_core.o
    0x08001260   0x000000ce   Code   RO         2120    i.USBD_GetDescriptor  usbd_req.o
    0x0800132e   0x00000046   Code   RO         2121    i.USBD_GetString    usbd_req.o
    0x08001374   0x00000034   Code   RO         1345    i.USBD_Init         usbd_core.o
    0x080013a8   0x0000000e   Code   RO         1346    i.USBD_IsoINIncomplete  usbd_core.o
    0x080013b6   0x0000000e   Code   RO         1347    i.USBD_IsoOUTIncomplete  usbd_core.o
    0x080013c4   0x00000180   Code   RO         1439    i.USBD_OTG_ISR_Handler  usb_dcd_int.o
    0x08001544   0x00000044   Code   RO         2122    i.USBD_ParseSetupRequest  usbd_req.o
    0x08001588   0x0000002e   Code   RO         1348    i.USBD_Reset        usbd_core.o
    0x080015b6   0x00000016   Code   RO         1349    i.USBD_Resume       usbd_core.o
    0x080015cc   0x00000010   Code   RO         1350    i.USBD_SOF          usbd_core.o
    0x080015dc   0x0000001a   Code   RO         1351    i.USBD_SetCfg       usbd_core.o
    0x080015f6   0x00000002   PAD
    0x080015f8   0x00000074   Code   RO         2123    i.USBD_SetConfig    usbd_req.o
    0x0800166c   0x00000070   Code   RO         2124    i.USBD_SetFeature   usbd_req.o
    0x080016dc   0x00000048   Code   RO         1352    i.USBD_SetupStage   usbd_core.o
    0x08001724   0x000000f4   Code   RO         2125    i.USBD_StdDevReq    usbd_req.o
    0x08001818   0x000000d4   Code   RO         2126    i.USBD_StdEPReq     usbd_req.o
    0x080018ec   0x00000036   Code   RO         2127    i.USBD_StdItfReq    usbd_req.o
    0x08001922   0x00000014   Code   RO         1353    i.USBD_Suspend      usbd_core.o
    0x08001936   0x00000002   PAD
    0x08001938   0x00000020   Code   RO         1650    i.USBD_USR_ConfigStrDescriptor  usbd_desc.o
    0x08001958   0x00000002   Code   RO         2192    i.USBD_USR_DeviceConfigured  usbd_usr.o
    0x0800195a   0x00000002   Code   RO         2193    i.USBD_USR_DeviceConnected  usbd_usr.o
    0x0800195c   0x0000000c   Code   RO         1651    i.USBD_USR_DeviceDescriptor  usbd_desc.o
    0x08001968   0x00000002   Code   RO         2194    i.USBD_USR_DeviceDisconnected  usbd_usr.o
    0x0800196a   0x00000002   Code   RO         2195    i.USBD_USR_DeviceReset  usbd_usr.o
    0x0800196c   0x00000002   Code   RO         2196    i.USBD_USR_DeviceResumed  usbd_usr.o
    0x0800196e   0x00000002   Code   RO         2197    i.USBD_USR_DeviceSuspended  usbd_usr.o
    0x08001970   0x00000034   Code   RO         2198    i.USBD_USR_Init     usbd_usr.o
    0x080019a4   0x00000024   Code   RO         1652    i.USBD_USR_InterfaceStrDescriptor  usbd_desc.o
    0x080019c8   0x0000000c   Code   RO         1653    i.USBD_USR_LangIDStrDescriptor  usbd_desc.o
    0x080019d4   0x00000028   Code   RO         1654    i.USBD_USR_ManufacturerStrDescriptor  usbd_desc.o
    0x080019fc   0x00000064   Code   RO         1655    i.USBD_USR_ProductStrDescriptor  usbd_desc.o
    0x08001a60   0x0000003c   Code   RO         1656    i.USBD_USR_SerialStrDescriptor  usbd_desc.o
    0x08001a9c   0x0000000c   Code   RO         1716    i.USBD_cdc_GetCfgDesc  usbd_cdc_core.o
    0x08001aa8   0x00000028   Code   RO          979    i.USB_OTG_BSP_EnableInterrupt  usb_bsp.o
    0x08001ad0   0x0000009c   Code   RO          980    i.USB_OTG_BSP_Init  usb_bsp.o
    0x08001b6c   0x0000000a   Code   RO          981    i.USB_OTG_BSP_mDelay  usb_bsp.o
    0x08001b76   0x00000016   Code   RO          982    i.USB_OTG_BSP_uDelay  usb_bsp.o
    0x08001b8c   0x000000da   Code   RO          478    i.USB_OTG_CoreInit  usb_core.o
    0x08001c66   0x00000002   PAD
    0x08001c68   0x00000138   Code   RO          479    i.USB_OTG_CoreInitDev  usb_core.o
    0x08001da0   0x00000058   Code   RO          480    i.USB_OTG_CoreReset  usb_core.o
    0x08001df8   0x00000010   Code   RO          481    i.USB_OTG_DisableGlobalInt  usb_core.o
    0x08001e08   0x0000003a   Code   RO          482    i.USB_OTG_EP0Activate  usb_core.o
    0x08001e42   0x00000002   PAD
    0x08001e44   0x000000b6   Code   RO          483    i.USB_OTG_EP0StartXfer  usb_core.o
    0x08001efa   0x00000002   PAD
    0x08001efc   0x00000024   Code   RO          484    i.USB_OTG_EP0_OutStart  usb_core.o
    0x08001f20   0x00000052   Code   RO          485    i.USB_OTG_EPActivate  usb_core.o
    0x08001f72   0x00000032   Code   RO          486    i.USB_OTG_EPClearStall  usb_core.o
    0x08001fa4   0x00000034   Code   RO          487    i.USB_OTG_EPDeactivate  usb_core.o
    0x08001fd8   0x00000030   Code   RO          488    i.USB_OTG_EPSetStall  usb_core.o
    0x08002008   0x00000120   Code   RO          489    i.USB_OTG_EPStartXfer  usb_core.o
    0x08002128   0x00000044   Code   RO          490    i.USB_OTG_EnableDevInt  usb_core.o
    0x0800216c   0x00000010   Code   RO          491    i.USB_OTG_EnableGlobalInt  usb_core.o
    0x0800217c   0x00000038   Code   RO          492    i.USB_OTG_FlushRxFifo  usb_core.o
    0x080021b4   0x00000040   Code   RO          493    i.USB_OTG_FlushTxFifo  usb_core.o
    0x080021f4   0x00000026   Code   RO          494    i.USB_OTG_GetDeviceSpeed  usb_core.o
    0x0800221a   0x0000000c   Code   RO          497    i.USB_OTG_InitDevSpeed  usb_core.o
    0x08002226   0x00000012   Code   RO          498    i.USB_OTG_IsDeviceMode  usb_core.o
    0x08002238   0x0000000a   Code   RO          500    i.USB_OTG_ReadCoreItr  usb_core.o
    0x08002242   0x0000000c   Code   RO          501    i.USB_OTG_ReadDevAllInEPItr  usb_core.o
    0x0800224e   0x0000000c   Code   RO          502    i.USB_OTG_ReadDevAllOutEp_itr  usb_core.o
    0x0800225a   0x00000010   Code   RO          503    i.USB_OTG_ReadDevOutEP_itr  usb_core.o
    0x0800226a   0x00000020   Code   RO          505    i.USB_OTG_ReadPacket  usb_core.o
    0x0800228a   0x00000002   PAD
    0x0800228c   0x000000c0   Code   RO          506    i.USB_OTG_SelectCore  usb_core.o
    0x0800234c   0x0000002a   Code   RO          507    i.USB_OTG_SetCurrentMode  usb_core.o
    0x08002376   0x0000001e   Code   RO          510    i.USB_OTG_UngateClock  usb_core.o
    0x08002394   0x00000028   Code   RO          511    i.USB_OTG_WritePacket  usb_core.o
    0x080023bc   0x00000002   Code   RO         1792    i.UsageFault_Handler  stm32f4xx_it.o
    0x080023be   0x00000002   PAD
    0x080023c0   0x00000038   Code   RO         1546    i.VCP_Ctrl          usbd_cdc_vcp.o
    0x080023f8   0x00000020   Code   RO         1547    i.VCP_DataRx        usbd_cdc_vcp.o
    0x08002418   0x00000034   Code   RO         1548    i.VCP_DataTx        usbd_cdc_vcp.o
    0x0800244c   0x00000004   Code   RO         1549    i.VCP_DeInit        usbd_cdc_vcp.o
    0x08002450   0x00000004   Code   RO         1550    i.VCP_Init          usbd_cdc_vcp.o
    0x08002454   0x00000004   Code   RO         1552    i.VCP_send          usbd_cdc_vcp.o
    0x08002458   0x000000f0   Code   RO         2070    i.carmen_controller_initialize  carmen_controller.o
    0x08002548   0x000002d8   Code   RO         2071    i.carmen_controller_step  carmen_controller.o
    0x08002820   0x00000060   Code   RO          225    i.disable_I2CMasterSetup1  waijung_hwdrvlib.o
    0x08002880   0x00000020   Code   RO          227    i.enable_ControlLogicReadSensorSensorReadoutI2CMasterReadWrite  waijung_hwdrvlib.o
    0x080028a0   0x00000030   Code   RO          228    i.enable_ControlLogicReadSensorSensorReadoutSelectSensorDigitalOutput3  waijung_hwdrvlib.o
    0x080028d0   0x000000b8   Code   RO          229    i.enable_I2CMasterSetup1  waijung_hwdrvlib.o
    0x08002988   0x00000098   Code   RO          230    i.enable_PWMOutputUC3MBasicPWM  waijung_hwdrvlib.o
    0x08002a20   0x0000006c   Code   RO          231    i.i2c1_trans_proc   waijung_hwdrvlib.o
    0x08002a8c   0x000003e4   Code   RO          232    i.i2c_trans_proc    waijung_hwdrvlib.o
    0x08002e70   0x0000002c   Code   RO         1856    i.main              main.o
    0x08002e9c   0x00000014   Code   RO         1857    i.rt_OneStep        main.o
    0x08002eb0   0x00000050   Code   RO         1717    i.usbd_cdc_DataIn   usbd_cdc_core.o
    0x08002f00   0x00000038   Code   RO         1718    i.usbd_cdc_DataOut  usbd_cdc_core.o
    0x08002f38   0x00000028   Code   RO         1719    i.usbd_cdc_DeInit   usbd_cdc_core.o
    0x08002f60   0x00000028   Code   RO         1720    i.usbd_cdc_EP0_RxReady  usbd_cdc_core.o
    0x08002f88   0x00000068   Code   RO         1721    i.usbd_cdc_Init     usbd_cdc_core.o
    0x08002ff0   0x00000020   Code   RO         1722    i.usbd_cdc_SOF      usbd_cdc_core.o
    0x08003010   0x000000b0   Code   RO         1723    i.usbd_cdc_Setup    usbd_cdc_core.o
    0x080030c0   0x0000000a   Code   RO         2998    x$fpl$fpinit        fz_wm.l(fpinit.o)
    0x080030ca   0x00000002   PAD
    0x080030cc   0x00000100   Data   RO          344    .constdata          carmen_controller_data.o
    0x080031cc   0x00000004   Data   RO         2074    .constdata          carmen_controller.o
    0x080031d0   0x00000040   Data   RO         3066    Region$$Table       anon$$obj.o


    Execution Region RW_IRAM2 (Base: 0x10000000, Size: 0x00003c28, Max: 0x00010000, ABSOLUTE, COMPRESSED[0x00000024])

    Base Addr    Size         Type   Attr      Idx    E Section Name        Object

    0x10000000   0x0000000d   Data   RW          236    .ccm                waijung_hwdrvlib.o
    0x1000000d   0x00000014   Data   RW          237    .ccm                waijung_hwdrvlib.o
    0x10000021   0x00001000   Data   RW         1725    .ccm                usbd_cdc_core.o
    0x10001021   0x00000007   PAD
    0x10001028   0x00001600   Zero   RW         2899    HEAP                startup_stm32f4xx.o
    0x10002628   0x00001600   Zero   RW         2898    STACK               startup_stm32f4xx.o


    Execution Region RW_IRAM1 (Base: 0x20000000, Size: 0x00000880, Max: 0x00020000, ABSOLUTE, COMPRESSED[0x000000ec])

    Base Addr    Size         Type   Attr      Idx    E Section Name        Object

    0x20000000   0x00000002   Data   RW          239    .data               waijung_hwdrvlib.o
    0x20000002   0x00000002   PAD
    0x20000004   0x00000004   Data   RW          240    .data               waijung_hwdrvlib.o
    0x20000008   0x00000004   Data   RW          241    .data               waijung_hwdrvlib.o
    0x2000000c   0x00000001   Data   RW          243    .data               waijung_hwdrvlib.o
    0x2000000d   0x00000003   PAD
    0x20000010   0x00000004   Data   RW          245    .data               waijung_hwdrvlib.o
    0x20000014   0x00000004   Data   RW          246    .data               waijung_hwdrvlib.o
    0x20000018   0x00000010   Data   RW          743    .data               stm32f4xx_rcc.o
    0x20000028   0x0000002c   Data   RW         1354    .data               usbd_core.o
    0x20000054   0x00000004   Data   RW         1355    .data               usbd_core.o
    0x20000058   0x00000008   Data   RW         1554    .data               usbd_cdc_vcp.o
    0x20000060   0x00000014   Data   RW         1555    .data               usbd_cdc_vcp.o
    0x20000074   0x00000014   Data   RW         1616    .data               system_stm32f4xx.o
    0x20000088   0x0000001c   Data   RW         1657    .data               usbd_desc.o
    0x200000a4   0x00000016   Data   RW         1658    .data               usbd_desc.o
    0x200000ba   0x00000002   PAD
    0x200000bc   0x0000006b   Data   RW         1726    .data               usbd_cdc_core.o
    0x20000127   0x00000001   PAD
    0x20000128   0x0000002c   Data   RW         1727    .data               usbd_cdc_core.o
    0x20000154   0x00000008   Data   RW         1858    .data               main.o
    0x2000015c   0x00000008   Data   RW         2075    .data               carmen_controller.o
    0x20000164   0x00000010   Data   RW         2129    .data               usbd_req.o
    0x20000174   0x0000001c   Data   RW         2199    .data               usbd_usr.o
    0x20000190   0x00000024   Zero   RW          234    .bss                waijung_hwdrvlib.o
    0x200001b4   0x000005f0   Zero   RW          235    .bss                waijung_hwdrvlib.o
    0x200007a4   0x00000048   Zero   RW         2073    .bss                carmen_controller.o
    0x200007ec   0x00000032   Zero   RW         2128    .bss                usbd_req.o
    0x2000081e   0x00000002   PAD
    0x20000820   0x00000060   Zero   RW         2940    .bss                c_w.l(libspace.o)


==============================================================================

Image component sizes


      Code (inc. data)   RO Data    RW Data    ZI Data      Debug   Object Name

       968        104          4          8         72       7051   carmen_controller.o
         0          0        256          0          0       4448   carmen_controller_data.o
        96          8          0          8          0      28347   main.o
       120         14          0          0          0       1511   misc.o
        64         26        392          0      11264        852   startup_stm32f4xx.o
        12          6          0          0          0        549   stm32f4xx_exti.o
       216          0          0          0          0       3571   stm32f4xx_gpio.o
       430         22          0          0          0       8037   stm32f4xx_i2c.o
        56          8          0          0          0       4402   stm32f4xx_it.o
       264         42          0         16          0       5761   stm32f4xx_rcc.o
       312         36          0          0          0       4756   stm32f4xx_tim.o
        60         14          0          0          0       1081   stm32f4xx_uc3m_it.o
       272         36          0         20          0       1905   system_stm32f4xx.o
       228          6          0          0          0       2675   usb_bsp.o
      2088         26          0          0          0      21108   usb_core.o
       510          0          0          0          0     293434   usb_dcd.o
      1182         30          0          0          0       6743   usb_dcd_int.o
       648         72          0       4247          0       8420   usbd_cdc_core.o
       152         18          0         28          0       4059   usbd_cdc_vcp.o
       566          0          0         48          0       8956   usbd_core.o
       292        180          0         50          0       5704   usbd_desc.o
       168          0          0          0          0       4208   usbd_ioreq.o
      1118         40          0         16         50       8311   usbd_req.o
        64          8          0         28          0       3833   usbd_usr.o
      1750         92          0         52       1556      12208   waijung_hwdrvlib.o

    ----------------------------------------------------------------------
     11664        788        716       4532      12948     451930   Object Totals
         0          0         64          0          0          0   (incl. Generated)
        28          0          0         11          6          0   (incl. Padding)

    ----------------------------------------------------------------------

      Code (inc. data)   RO Data    RW Data    ZI Data      Debug   Library Member Name

        90          0          0          0          0          0   __dczerorl2.o
         8          0          0          0          0         68   __main.o
         0          0          0          0          0          0   __rtentry.o
        12          0          0          0          0          0   __rtentry2.o
         6          0          0          0          0          0   __rtentry4.o
        52          8          0          0          0          0   __scatter.o
        28          0          0          0          0          0   __scatter_zi.o
        18          0          0          0          0         80   exit.o
         6          0          0          0          0        152   heapauxi.o
         0          0          0          0          0          0   indicate_semi.o
         2          0          0          0          0          0   libinit.o
         6          0          0          0          0          0   libinit2.o
         2          0          0          0          0          0   libshutdown.o
         2          0          0          0          0          0   libshutdown2.o
         8          4          0          0         96         68   libspace.o
        78          0          0          0          0         80   rt_memclr_w.o
         2          0          0          0          0          0   rtexit.o
        10          0          0          0          0          0   rtexit2.o
        12          4          0          0          0         68   sys_exit.o
        74          0          0          0          0         80   sys_stackheap_outer.o
         2          0          0          0          0         68   use_no_semi.o
        10          0          0          0          0        116   fpinit.o

    ----------------------------------------------------------------------
       436         16          0          0         96        780   Library Totals
         8          0          0          0          0          0   (incl. Padding)

    ----------------------------------------------------------------------

      Code (inc. data)   RO Data    RW Data    ZI Data      Debug   Library Name

       418         16          0          0         96        664   c_w.l
        10          0          0          0          0        116   fz_wm.l

    ----------------------------------------------------------------------
       436         16          0          0         96        780   Library Totals

    ----------------------------------------------------------------------

==============================================================================


      Code (inc. data)   RO Data    RW Data    ZI Data      Debug   

     12100        804        716       4532      13044     437202   Grand Totals
     12100        804        716        272      13044     437202   ELF Image Totals (compressed)
     12100        804        716        272          0          0   ROM Totals

==============================================================================

    Total RO  Size (Code + RO Data)                12816 (  12.52kB)
    Total RW  Size (RW Data + ZI Data)             17576 (  17.16kB)
    Total ROM Size (Code + RO Data + RW Data)      13088 (  12.78kB)

==============================================================================

